[2026-02-10 18:50:52,105: INFO: main: welcome to the custom logging]
[2026-02-10 18:50:52,105: INFO: main: ----->> stage Data Ingestion Stage started <<-----]
[2026-02-10 18:50:52,108: INFO: common: yaml file: config\config.yaml loaded successfully]
[2026-02-10 18:50:52,108: INFO: common: yaml file: params.yaml loaded successfully]
[2026-02-10 18:50:52,109: ERROR: main: yaml file is empty]
Traceback (most recent call last):
  File "C:\Users\Yashar\Slope-Stability-Prediction\src\mlProject\utils\common.py", line 32, in read_yaml
    return ConfigBox(content)
  File "C:\Users\Yashar\Slope-Stability-Prediction\project-env\Lib\site-packages\box\box.py", line 295, in __init__
    raise BoxValueError("First argument must be mapping or iterable")
box.exceptions.BoxValueError: First argument must be mapping or iterable

During handling of the above exception, another exception occurred:

Traceback (most recent call last):
  File "C:\Users\Yashar\Slope-Stability-Prediction\main.py", line 12, in <module>
    data_ingestion.main()
    ~~~~~~~~~~~~~~~~~~~^^
  File "C:\Users\Yashar\Slope-Stability-Prediction\src\mlProject\pipeline\stage_01_data_ingestion.py", line 13, in main
    config = ConfigurationManager()
  File "C:\Users\Yashar\Slope-Stability-Prediction\src\mlProject\config\configuration.py", line 12, in __init__
    self.params = read_yaml(params_filepath)
                  ~~~~~~~~~^^^^^^^^^^^^^^^^^
  File "C:\Users\Yashar\Slope-Stability-Prediction\project-env\Lib\site-packages\ensure\main.py", line 872, in __call__
    return_val = self.f(*args, **kwargs)
  File "C:\Users\Yashar\Slope-Stability-Prediction\src\mlProject\utils\common.py", line 34, in read_yaml
    raise ValueError("yaml file is empty")
ValueError: yaml file is empty
[2026-02-10 18:51:26,850: INFO: main: welcome to the custom logging]
[2026-02-10 18:51:26,850: INFO: main: ----->> stage Data Ingestion Stage started <<-----]
[2026-02-10 18:51:26,851: INFO: common: yaml file: config\config.yaml loaded successfully]
[2026-02-10 18:51:26,861: INFO: common: yaml file: params.yaml loaded successfully]
[2026-02-10 18:51:26,862: INFO: common: yaml file: schema.yaml loaded successfully]
[2026-02-10 18:51:26,863: INFO: common: created directory at: artifacts]
[2026-02-10 18:51:26,863: INFO: common: created directory at: artifacts/data_ingestion]
[2026-02-10 18:51:26,863: INFO: data_ingestion: 
The path pf the main source is: data/slop_stability_dataset.csv]
[2026-02-10 18:51:26,864: ERROR: main: Error loading file: [Errno 2] No such file or directory: 'data/slop_stability_dataset.csv']
Traceback (most recent call last):
  File "C:\Users\Yashar\Slope-Stability-Prediction\src\mlProject\components\data_ingestion.py", line 21, in load_file
    data = pd.read_csv(path, sep=',')
  File "C:\Users\Yashar\Slope-Stability-Prediction\project-env\Lib\site-packages\pandas\io\parsers\readers.py", line 873, in read_csv
    return _read(filepath_or_buffer, kwds)
  File "C:\Users\Yashar\Slope-Stability-Prediction\project-env\Lib\site-packages\pandas\io\parsers\readers.py", line 300, in _read
    parser = TextFileReader(filepath_or_buffer, **kwds)
  File "C:\Users\Yashar\Slope-Stability-Prediction\project-env\Lib\site-packages\pandas\io\parsers\readers.py", line 1645, in __init__
    self._engine = self._make_engine(f, self.engine)
                   ~~~~~~~~~~~~~~~~~^^^^^^^^^^^^^^^^
  File "C:\Users\Yashar\Slope-Stability-Prediction\project-env\Lib\site-packages\pandas\io\parsers\readers.py", line 1904, in _make_engine
    self.handles = get_handle(
                   ~~~~~~~~~~^
        f,
        ^^
    ...<6 lines>...
        storage_options=self.options.get("storage_options", None),
        ^^^^^^^^^^^^^^^^^^^^^^^^^^^^^^^^^^^^^^^^^^^^^^^^^^^^^^^^^^
    )
    ^
  File "C:\Users\Yashar\Slope-Stability-Prediction\project-env\Lib\site-packages\pandas\io\common.py", line 926, in get_handle
    handle = open(
        handle,
    ...<3 lines>...
        newline="",
    )
FileNotFoundError: [Errno 2] No such file or directory: 'data/slop_stability_dataset.csv'

During handling of the above exception, another exception occurred:

Traceback (most recent call last):
  File "C:\Users\Yashar\Slope-Stability-Prediction\main.py", line 12, in <module>
    data_ingestion.main()
    ~~~~~~~~~~~~~~~~~~~^^
  File "C:\Users\Yashar\Slope-Stability-Prediction\src\mlProject\pipeline\stage_01_data_ingestion.py", line 16, in main
    data_ingestion.load_file()
    ~~~~~~~~~~~~~~~~~~~~~~~~^^
  File "C:\Users\Yashar\Slope-Stability-Prediction\src\mlProject\components\data_ingestion.py", line 29, in load_file
    raise FileExistsError(f"Error loading file: {e}")
FileExistsError: Error loading file: [Errno 2] No such file or directory: 'data/slop_stability_dataset.csv'
[2026-02-10 18:52:12,720: INFO: main: welcome to the custom logging]
[2026-02-10 18:52:12,721: INFO: main: ----->> stage Data Ingestion Stage started <<-----]
[2026-02-10 18:52:12,735: INFO: common: yaml file: config\config.yaml loaded successfully]
[2026-02-10 18:52:12,735: INFO: common: yaml file: params.yaml loaded successfully]
[2026-02-10 18:52:12,736: INFO: common: yaml file: schema.yaml loaded successfully]
[2026-02-10 18:52:12,736: INFO: common: created directory at: artifacts]
[2026-02-10 18:52:12,737: INFO: common: created directory at: artifacts/data_ingestion]
[2026-02-10 18:52:12,737: INFO: data_ingestion: 
The path pf the main source is: C:\\Users\\Yashar\\Slope-Stability-Prediction\\data\\slop_stability_dataset.csv]
[2026-02-10 18:52:12,738: ERROR: main: Error loading file: [Errno 2] No such file or directory: 'C:\\\\Users\\\\Yashar\\\\Slope-Stability-Prediction\\\\data\\\\slop_stability_dataset.csv']
Traceback (most recent call last):
  File "C:\Users\Yashar\Slope-Stability-Prediction\src\mlProject\components\data_ingestion.py", line 21, in load_file
    data = pd.read_csv(path, sep=',')
  File "C:\Users\Yashar\Slope-Stability-Prediction\project-env\Lib\site-packages\pandas\io\parsers\readers.py", line 873, in read_csv
    return _read(filepath_or_buffer, kwds)
  File "C:\Users\Yashar\Slope-Stability-Prediction\project-env\Lib\site-packages\pandas\io\parsers\readers.py", line 300, in _read
    parser = TextFileReader(filepath_or_buffer, **kwds)
  File "C:\Users\Yashar\Slope-Stability-Prediction\project-env\Lib\site-packages\pandas\io\parsers\readers.py", line 1645, in __init__
    self._engine = self._make_engine(f, self.engine)
                   ~~~~~~~~~~~~~~~~~^^^^^^^^^^^^^^^^
  File "C:\Users\Yashar\Slope-Stability-Prediction\project-env\Lib\site-packages\pandas\io\parsers\readers.py", line 1904, in _make_engine
    self.handles = get_handle(
                   ~~~~~~~~~~^
        f,
        ^^
    ...<6 lines>...
        storage_options=self.options.get("storage_options", None),
        ^^^^^^^^^^^^^^^^^^^^^^^^^^^^^^^^^^^^^^^^^^^^^^^^^^^^^^^^^^
    )
    ^
  File "C:\Users\Yashar\Slope-Stability-Prediction\project-env\Lib\site-packages\pandas\io\common.py", line 926, in get_handle
    handle = open(
        handle,
    ...<3 lines>...
        newline="",
    )
FileNotFoundError: [Errno 2] No such file or directory: 'C:\\\\Users\\\\Yashar\\\\Slope-Stability-Prediction\\\\data\\\\slop_stability_dataset.csv'

During handling of the above exception, another exception occurred:

Traceback (most recent call last):
  File "C:\Users\Yashar\Slope-Stability-Prediction\main.py", line 12, in <module>
    data_ingestion.main()
    ~~~~~~~~~~~~~~~~~~~^^
  File "C:\Users\Yashar\Slope-Stability-Prediction\src\mlProject\pipeline\stage_01_data_ingestion.py", line 16, in main
    data_ingestion.load_file()
    ~~~~~~~~~~~~~~~~~~~~~~~~^^
  File "C:\Users\Yashar\Slope-Stability-Prediction\src\mlProject\components\data_ingestion.py", line 29, in load_file
    raise FileExistsError(f"Error loading file: {e}")
FileExistsError: Error loading file: [Errno 2] No such file or directory: 'C:\\\\Users\\\\Yashar\\\\Slope-Stability-Prediction\\\\data\\\\slop_stability_dataset.csv'
[2026-02-10 18:52:49,051: INFO: main: welcome to the custom logging]
[2026-02-10 18:52:49,052: INFO: main: ----->> stage Data Ingestion Stage started <<-----]
[2026-02-10 18:52:49,063: INFO: common: yaml file: config\config.yaml loaded successfully]
[2026-02-10 18:52:49,064: INFO: common: yaml file: params.yaml loaded successfully]
[2026-02-10 18:52:49,065: INFO: common: yaml file: schema.yaml loaded successfully]
[2026-02-10 18:52:49,065: INFO: common: created directory at: artifacts]
[2026-02-10 18:52:49,065: INFO: common: created directory at: artifacts/data_ingestion]
[2026-02-10 18:52:49,065: INFO: data_ingestion: 
The path pf the main source is: C:/Users/Yashar/Slope-Stability-Prediction/data/slop_stability_dataset.csv]
[2026-02-10 18:52:49,066: ERROR: main: Error loading file: [Errno 2] No such file or directory: 'C:/Users/Yashar/Slope-Stability-Prediction/data/slop_stability_dataset.csv']
Traceback (most recent call last):
  File "C:\Users\Yashar\Slope-Stability-Prediction\src\mlProject\components\data_ingestion.py", line 21, in load_file
    data = pd.read_csv(path, sep=',')
  File "C:\Users\Yashar\Slope-Stability-Prediction\project-env\Lib\site-packages\pandas\io\parsers\readers.py", line 873, in read_csv
    return _read(filepath_or_buffer, kwds)
  File "C:\Users\Yashar\Slope-Stability-Prediction\project-env\Lib\site-packages\pandas\io\parsers\readers.py", line 300, in _read
    parser = TextFileReader(filepath_or_buffer, **kwds)
  File "C:\Users\Yashar\Slope-Stability-Prediction\project-env\Lib\site-packages\pandas\io\parsers\readers.py", line 1645, in __init__
    self._engine = self._make_engine(f, self.engine)
                   ~~~~~~~~~~~~~~~~~^^^^^^^^^^^^^^^^
  File "C:\Users\Yashar\Slope-Stability-Prediction\project-env\Lib\site-packages\pandas\io\parsers\readers.py", line 1904, in _make_engine
    self.handles = get_handle(
                   ~~~~~~~~~~^
        f,
        ^^
    ...<6 lines>...
        storage_options=self.options.get("storage_options", None),
        ^^^^^^^^^^^^^^^^^^^^^^^^^^^^^^^^^^^^^^^^^^^^^^^^^^^^^^^^^^
    )
    ^
  File "C:\Users\Yashar\Slope-Stability-Prediction\project-env\Lib\site-packages\pandas\io\common.py", line 926, in get_handle
    handle = open(
        handle,
    ...<3 lines>...
        newline="",
    )
FileNotFoundError: [Errno 2] No such file or directory: 'C:/Users/Yashar/Slope-Stability-Prediction/data/slop_stability_dataset.csv'

During handling of the above exception, another exception occurred:

Traceback (most recent call last):
  File "C:\Users\Yashar\Slope-Stability-Prediction\main.py", line 12, in <module>
    data_ingestion.main()
    ~~~~~~~~~~~~~~~~~~~^^
  File "C:\Users\Yashar\Slope-Stability-Prediction\src\mlProject\pipeline\stage_01_data_ingestion.py", line 16, in main
    data_ingestion.load_file()
    ~~~~~~~~~~~~~~~~~~~~~~~~^^
  File "C:\Users\Yashar\Slope-Stability-Prediction\src\mlProject\components\data_ingestion.py", line 29, in load_file
    raise FileExistsError(f"Error loading file: {e}")
FileExistsError: Error loading file: [Errno 2] No such file or directory: 'C:/Users/Yashar/Slope-Stability-Prediction/data/slop_stability_dataset.csv'
[2026-02-10 18:53:51,328: INFO: main: welcome to the custom logging]
[2026-02-10 18:53:51,329: INFO: main: ----->> stage Data Ingestion Stage started <<-----]
[2026-02-10 18:53:51,338: INFO: common: yaml file: config\config.yaml loaded successfully]
[2026-02-10 18:53:51,339: INFO: common: yaml file: params.yaml loaded successfully]
[2026-02-10 18:53:51,339: INFO: common: yaml file: schema.yaml loaded successfully]
[2026-02-10 18:53:51,340: INFO: common: created directory at: artifacts]
[2026-02-10 18:53:51,340: INFO: common: created directory at: artifacts/data_ingestion]
[2026-02-10 18:53:51,340: INFO: data_ingestion: 
The path pf the main source is: C:/Users/Yashar/Slope-Stability-Prediction/data/]
[2026-02-10 18:53:51,341: ERROR: main: Error loading file: [Errno 2] No such file or directory: 'C:/Users/Yashar/Slope-Stability-Prediction/data//slop_stability_dataset.csv']
Traceback (most recent call last):
  File "C:\Users\Yashar\Slope-Stability-Prediction\src\mlProject\components\data_ingestion.py", line 21, in load_file
    data = pd.read_csv(path + '/slop_stability_dataset.csv', sep=',')
  File "C:\Users\Yashar\Slope-Stability-Prediction\project-env\Lib\site-packages\pandas\io\parsers\readers.py", line 873, in read_csv
    return _read(filepath_or_buffer, kwds)
  File "C:\Users\Yashar\Slope-Stability-Prediction\project-env\Lib\site-packages\pandas\io\parsers\readers.py", line 300, in _read
    parser = TextFileReader(filepath_or_buffer, **kwds)
  File "C:\Users\Yashar\Slope-Stability-Prediction\project-env\Lib\site-packages\pandas\io\parsers\readers.py", line 1645, in __init__
    self._engine = self._make_engine(f, self.engine)
                   ~~~~~~~~~~~~~~~~~^^^^^^^^^^^^^^^^
  File "C:\Users\Yashar\Slope-Stability-Prediction\project-env\Lib\site-packages\pandas\io\parsers\readers.py", line 1904, in _make_engine
    self.handles = get_handle(
                   ~~~~~~~~~~^
        f,
        ^^
    ...<6 lines>...
        storage_options=self.options.get("storage_options", None),
        ^^^^^^^^^^^^^^^^^^^^^^^^^^^^^^^^^^^^^^^^^^^^^^^^^^^^^^^^^^
    )
    ^
  File "C:\Users\Yashar\Slope-Stability-Prediction\project-env\Lib\site-packages\pandas\io\common.py", line 926, in get_handle
    handle = open(
        handle,
    ...<3 lines>...
        newline="",
    )
FileNotFoundError: [Errno 2] No such file or directory: 'C:/Users/Yashar/Slope-Stability-Prediction/data//slop_stability_dataset.csv'

During handling of the above exception, another exception occurred:

Traceback (most recent call last):
  File "C:\Users\Yashar\Slope-Stability-Prediction\main.py", line 12, in <module>
    data_ingestion.main()
    ~~~~~~~~~~~~~~~~~~~^^
  File "C:\Users\Yashar\Slope-Stability-Prediction\src\mlProject\pipeline\stage_01_data_ingestion.py", line 16, in main
    data_ingestion.load_file()
    ~~~~~~~~~~~~~~~~~~~~~~~~^^
  File "C:\Users\Yashar\Slope-Stability-Prediction\src\mlProject\components\data_ingestion.py", line 29, in load_file
    raise FileExistsError(f"Error loading file: {e}")
FileExistsError: Error loading file: [Errno 2] No such file or directory: 'C:/Users/Yashar/Slope-Stability-Prediction/data//slop_stability_dataset.csv'
[2026-02-10 18:55:05,692: INFO: main: welcome to the custom logging]
[2026-02-10 18:55:05,693: INFO: main: ----->> stage Data Ingestion Stage started <<-----]
[2026-02-10 18:55:05,702: INFO: common: yaml file: config\config.yaml loaded successfully]
[2026-02-10 18:55:05,702: INFO: common: yaml file: params.yaml loaded successfully]
[2026-02-10 18:55:05,703: INFO: common: yaml file: schema.yaml loaded successfully]
[2026-02-10 18:55:05,704: INFO: common: created directory at: artifacts]
[2026-02-10 18:55:05,704: INFO: common: created directory at: artifacts/data_ingestion]
[2026-02-10 18:55:05,704: INFO: data_ingestion: 
The path pf the main source is: C:\Users\Yashar\Slope-Stability-Prediction\data\slop_stability_dataset.csv]
[2026-02-10 18:55:05,705: ERROR: main: Error loading file: [Errno 2] No such file or directory: 'C:\\Users\\Yashar\\Slope-Stability-Prediction\\data\\slop_stability_dataset.csv']
Traceback (most recent call last):
  File "C:\Users\Yashar\Slope-Stability-Prediction\src\mlProject\components\data_ingestion.py", line 21, in load_file
    data = pd.read_csv(path, sep=',')
  File "C:\Users\Yashar\Slope-Stability-Prediction\project-env\Lib\site-packages\pandas\io\parsers\readers.py", line 873, in read_csv
    return _read(filepath_or_buffer, kwds)
  File "C:\Users\Yashar\Slope-Stability-Prediction\project-env\Lib\site-packages\pandas\io\parsers\readers.py", line 300, in _read
    parser = TextFileReader(filepath_or_buffer, **kwds)
  File "C:\Users\Yashar\Slope-Stability-Prediction\project-env\Lib\site-packages\pandas\io\parsers\readers.py", line 1645, in __init__
    self._engine = self._make_engine(f, self.engine)
                   ~~~~~~~~~~~~~~~~~^^^^^^^^^^^^^^^^
  File "C:\Users\Yashar\Slope-Stability-Prediction\project-env\Lib\site-packages\pandas\io\parsers\readers.py", line 1904, in _make_engine
    self.handles = get_handle(
                   ~~~~~~~~~~^
        f,
        ^^
    ...<6 lines>...
        storage_options=self.options.get("storage_options", None),
        ^^^^^^^^^^^^^^^^^^^^^^^^^^^^^^^^^^^^^^^^^^^^^^^^^^^^^^^^^^
    )
    ^
  File "C:\Users\Yashar\Slope-Stability-Prediction\project-env\Lib\site-packages\pandas\io\common.py", line 926, in get_handle
    handle = open(
        handle,
    ...<3 lines>...
        newline="",
    )
FileNotFoundError: [Errno 2] No such file or directory: 'C:\\Users\\Yashar\\Slope-Stability-Prediction\\data\\slop_stability_dataset.csv'

During handling of the above exception, another exception occurred:

Traceback (most recent call last):
  File "C:\Users\Yashar\Slope-Stability-Prediction\main.py", line 12, in <module>
    data_ingestion.main()
    ~~~~~~~~~~~~~~~~~~~^^
  File "C:\Users\Yashar\Slope-Stability-Prediction\src\mlProject\pipeline\stage_01_data_ingestion.py", line 16, in main
    data_ingestion.load_file()
    ~~~~~~~~~~~~~~~~~~~~~~~~^^
  File "C:\Users\Yashar\Slope-Stability-Prediction\src\mlProject\components\data_ingestion.py", line 29, in load_file
    raise FileExistsError(f"Error loading file: {e}")
FileExistsError: Error loading file: [Errno 2] No such file or directory: 'C:\\Users\\Yashar\\Slope-Stability-Prediction\\data\\slop_stability_dataset.csv'
[2026-02-10 18:57:54,735: INFO: main: welcome to the custom logging]
[2026-02-10 18:57:54,735: INFO: main: ----->> stage Data Ingestion Stage started <<-----]
[2026-02-10 18:57:54,736: INFO: common: yaml file: config\config.yaml loaded successfully]
[2026-02-10 18:57:54,737: INFO: common: yaml file: params.yaml loaded successfully]
[2026-02-10 18:57:54,737: INFO: common: yaml file: schema.yaml loaded successfully]
[2026-02-10 18:57:54,738: INFO: common: created directory at: artifacts]
[2026-02-10 18:57:54,738: INFO: common: created directory at: artifacts/data_ingestion]
[2026-02-10 18:57:54,738: INFO: data_ingestion: 
The path pf the main source is: C:\Users\Yashar\Slope-Stability-Prediction\data\slop_stability_dataset.csv]
[2026-02-10 18:57:54,739: ERROR: main: Error loading file: [Errno 2] No such file or directory: 'C:\\Users\\Yashar\\Slope-Stability-Prediction\\data\\slop_stability_dataset.csv']
Traceback (most recent call last):
  File "C:\Users\Yashar\Slope-Stability-Prediction\src\mlProject\components\data_ingestion.py", line 21, in load_file
    data = pd.read_csv(path, sep=',')
  File "C:\Users\Yashar\Slope-Stability-Prediction\project-env\Lib\site-packages\pandas\io\parsers\readers.py", line 873, in read_csv
    return _read(filepath_or_buffer, kwds)
  File "C:\Users\Yashar\Slope-Stability-Prediction\project-env\Lib\site-packages\pandas\io\parsers\readers.py", line 300, in _read
    parser = TextFileReader(filepath_or_buffer, **kwds)
  File "C:\Users\Yashar\Slope-Stability-Prediction\project-env\Lib\site-packages\pandas\io\parsers\readers.py", line 1645, in __init__
    self._engine = self._make_engine(f, self.engine)
                   ~~~~~~~~~~~~~~~~~^^^^^^^^^^^^^^^^
  File "C:\Users\Yashar\Slope-Stability-Prediction\project-env\Lib\site-packages\pandas\io\parsers\readers.py", line 1904, in _make_engine
    self.handles = get_handle(
                   ~~~~~~~~~~^
        f,
        ^^
    ...<6 lines>...
        storage_options=self.options.get("storage_options", None),
        ^^^^^^^^^^^^^^^^^^^^^^^^^^^^^^^^^^^^^^^^^^^^^^^^^^^^^^^^^^
    )
    ^
  File "C:\Users\Yashar\Slope-Stability-Prediction\project-env\Lib\site-packages\pandas\io\common.py", line 926, in get_handle
    handle = open(
        handle,
    ...<3 lines>...
        newline="",
    )
FileNotFoundError: [Errno 2] No such file or directory: 'C:\\Users\\Yashar\\Slope-Stability-Prediction\\data\\slop_stability_dataset.csv'

During handling of the above exception, another exception occurred:

Traceback (most recent call last):
  File "C:\Users\Yashar\Slope-Stability-Prediction\main.py", line 12, in <module>
    data_ingestion.main()
    ~~~~~~~~~~~~~~~~~~~^^
  File "C:\Users\Yashar\Slope-Stability-Prediction\src\mlProject\pipeline\stage_01_data_ingestion.py", line 16, in main
    data_ingestion.load_file()
    ~~~~~~~~~~~~~~~~~~~~~~~~^^
  File "C:\Users\Yashar\Slope-Stability-Prediction\src\mlProject\components\data_ingestion.py", line 29, in load_file
    raise FileExistsError(f"Error loading file: {e}")
FileExistsError: Error loading file: [Errno 2] No such file or directory: 'C:\\Users\\Yashar\\Slope-Stability-Prediction\\data\\slop_stability_dataset.csv'
[2026-02-10 18:59:49,631: INFO: main: welcome to the custom logging]
[2026-02-10 18:59:49,632: INFO: main: ----->> stage Data Ingestion Stage started <<-----]
[2026-02-10 18:59:49,633: INFO: common: yaml file: config\config.yaml loaded successfully]
[2026-02-10 18:59:49,633: INFO: common: yaml file: params.yaml loaded successfully]
[2026-02-10 18:59:49,634: INFO: common: yaml file: schema.yaml loaded successfully]
[2026-02-10 18:59:49,634: INFO: common: created directory at: artifacts]
[2026-02-10 18:59:49,634: INFO: common: created directory at: artifacts/data_ingestion]
[2026-02-10 18:59:49,634: ERROR: main: cannot assign to field 'source_data']
Traceback (most recent call last):
  File "C:\Users\Yashar\Slope-Stability-Prediction\main.py", line 12, in <module>
    data_ingestion.main()
    ~~~~~~~~~~~~~~~~~~~^^
  File "C:\Users\Yashar\Slope-Stability-Prediction\src\mlProject\pipeline\stage_01_data_ingestion.py", line 15, in main
    data_ingestion = DataIngestion(config=data_ingestion_config)
  File "C:\Users\Yashar\Slope-Stability-Prediction\src\mlProject\components\data_ingestion.py", line 14, in __init__
    self.config.source_data = config.source_data
    ^^^^^^^^^^^^^^^^^^^^^^^
  File "<string>", line 17, in __setattr__
dataclasses.FrozenInstanceError: cannot assign to field 'source_data'
[2026-02-10 19:00:10,735: INFO: main: welcome to the custom logging]
[2026-02-10 19:00:10,735: INFO: main: ----->> stage Data Ingestion Stage started <<-----]
[2026-02-10 19:00:10,736: INFO: common: yaml file: config\config.yaml loaded successfully]
[2026-02-10 19:00:10,737: INFO: common: yaml file: params.yaml loaded successfully]
[2026-02-10 19:00:10,737: INFO: common: yaml file: schema.yaml loaded successfully]
[2026-02-10 19:00:10,738: INFO: common: created directory at: artifacts]
[2026-02-10 19:00:10,738: INFO: common: created directory at: artifacts/data_ingestion]
[2026-02-10 19:00:10,738: ERROR: main: cannot assign to field 'source_data']
Traceback (most recent call last):
  File "C:\Users\Yashar\Slope-Stability-Prediction\main.py", line 12, in <module>
    data_ingestion.main()
    ~~~~~~~~~~~~~~~~~~~^^
  File "C:\Users\Yashar\Slope-Stability-Prediction\src\mlProject\pipeline\stage_01_data_ingestion.py", line 15, in main
    data_ingestion = DataIngestion(config=data_ingestion_config)
  File "C:\Users\Yashar\Slope-Stability-Prediction\src\mlProject\components\data_ingestion.py", line 14, in __init__
    self.config.source_data = config.source_data
    ^^^^^^^^^^^^^^^^^^^^^^^
  File "<string>", line 17, in __setattr__
dataclasses.FrozenInstanceError: cannot assign to field 'source_data'
[2026-02-10 19:06:05,976: INFO: main: welcome to the custom logging]
[2026-02-10 19:06:05,977: INFO: main: ----->> stage Data Ingestion Stage started <<-----]
[2026-02-10 19:06:05,992: INFO: common: yaml file: config\config.yaml loaded successfully]
[2026-02-10 19:06:05,992: INFO: common: yaml file: params.yaml loaded successfully]
[2026-02-10 19:06:05,993: INFO: common: yaml file: schema.yaml loaded successfully]
[2026-02-10 19:06:05,993: INFO: common: created directory at: artifacts]
[2026-02-10 19:06:05,993: INFO: common: created directory at: artifacts/data_ingestion]
[2026-02-10 19:06:05,993: ERROR: main: cannot assign to field 'source_data']
Traceback (most recent call last):
  File "C:\Users\Yashar\Slope-Stability-Prediction\main.py", line 12, in <module>
    data_ingestion.main()
    ~~~~~~~~~~~~~~~~~~~^^
  File "C:\Users\Yashar\Slope-Stability-Prediction\src\mlProject\pipeline\stage_01_data_ingestion.py", line 15, in main
    data_ingestion = DataIngestion(config=data_ingestion_config)
  File "C:\Users\Yashar\Slope-Stability-Prediction\src\mlProject\components\data_ingestion.py", line 14, in __init__
    self.config.source_data = config.source_data
    ^^^^^^^^^^^^^^^^^^^^^^^
  File "<string>", line 17, in __setattr__
dataclasses.FrozenInstanceError: cannot assign to field 'source_data'
[2026-02-10 19:08:03,210: INFO: main: welcome to the custom logging]
[2026-02-10 19:08:03,211: INFO: main: ----->> stage Data Ingestion Stage started <<-----]
[2026-02-10 19:08:03,212: INFO: common: yaml file: config\config.yaml loaded successfully]
[2026-02-10 19:08:03,212: INFO: common: yaml file: params.yaml loaded successfully]
[2026-02-10 19:08:03,213: INFO: common: yaml file: schema.yaml loaded successfully]
[2026-02-10 19:08:03,213: INFO: common: created directory at: artifacts]
[2026-02-10 19:08:03,213: INFO: common: created directory at: artifacts/data_ingestion]
[2026-02-10 19:08:03,214: INFO: data_ingestion: 
The path pf the main source is: C:\Users\Yashar\Slope-Stability-Prediction\data\slope_stability_dataset.csv]
[2026-02-10 19:08:03,298: INFO: data_ingestion: 
Data is successfully loaded to artifacts\data_ingestion\slop.csv]
[2026-02-10 19:08:03,299: INFO: data_ingestion: 
The shape of the initial dataset is: (10000, 9)]
[2026-02-10 19:08:03,308: INFO: data_ingestion: The head of the dataset is as below:
   Unit Weight (kN/m³)  Cohesion (kPa)  Internal Friction Angle (°)  Slope Angle (°)  Slope Height (m)  Pore Water Pressure Ratio Reinforcement Type  Reinforcement Numeric  Factor of Safety (FS)
0            18.745401       21.813837                    38.249958        41.907228         18.451042                   0.847237           Drainage                      3               2.613692
1            24.507143       19.981044                    24.612800        32.964623          9.266800                   0.494517      Geosynthetics                      2               2.241626
2            22.319939       12.926926                    28.665992        58.224926         10.686165                   0.195466     Retaining Wall                      0               1.568244
3            20.986585       32.327000                    36.582016        20.948923         13.130201                   0.736642           Drainage                      3               3.000000
4            16.560186       26.448087                    32.052234        39.392821         14.164400                   0.418678       Soil Nailing                      1               3.000000
5            16.559945       43.956545                    38.464276        45.010501         15.901781                   0.594627      Geosynthetics                      2               3.000000
6            15.580836        6.444931                    44.030198        51.278224         16.495701                   0.107265      Geosynthetics                      2               1.545751
7            23.661761       33.974057                    22.913667        30.348552         25.507236                   0.631584     Retaining Wall                      0               3.000000
8            21.011150       39.332700                    37.739193        44.346095         27.930794                   0.373550       Soil Nailing                      1               3.000000
9            22.080726       39.176896                    25.758604        25.160074         18.899564                   0.334190       Soil Nailing                      1               3.000000]
[2026-02-10 19:08:03,308: INFO: main: ----->> stage Data Ingestion Stage completed <<----- 

]
[2026-02-11 12:37:05,764: INFO: main: welcome to the custom logging]
[2026-02-11 12:37:05,764: INFO: main: ----->> stage Data Ingestion Stage started <<-----]
[2026-02-11 12:37:05,777: INFO: common: yaml file: config\config.yaml loaded successfully]
[2026-02-11 12:37:05,789: INFO: common: yaml file: params.yaml loaded successfully]
[2026-02-11 12:37:05,791: INFO: common: yaml file: schema.yaml loaded successfully]
[2026-02-11 12:37:05,791: INFO: common: created directory at: artifacts]
[2026-02-11 12:37:05,791: INFO: common: created directory at: artifacts/data_ingestion]
[2026-02-11 12:37:05,792: INFO: data_ingestion: file already exists of size: ~ 1333 KB]
[2026-02-11 12:37:05,792: INFO: main: ----->> stage Data Ingestion Stage completed <<----- 

]
[2026-02-11 12:37:23,702: INFO: main: welcome to the custom logging]
[2026-02-11 12:37:23,702: INFO: main: ----->> stage Data Ingestion Stage started <<-----]
[2026-02-11 12:37:23,703: INFO: common: yaml file: config\config.yaml loaded successfully]
[2026-02-11 12:37:23,704: INFO: common: yaml file: params.yaml loaded successfully]
[2026-02-11 12:37:23,704: INFO: common: yaml file: schema.yaml loaded successfully]
[2026-02-11 12:37:23,704: INFO: common: created directory at: artifacts]
[2026-02-11 12:37:23,705: INFO: common: created directory at: artifacts/data_ingestion]
[2026-02-11 12:37:23,705: INFO: data_ingestion: 
The path pf the main source is: C:\Users\Yashar\Slope-Stability-Prediction\data\slope_stability_dataset.csv]
[2026-02-11 12:37:23,819: INFO: data_ingestion: 
Data is successfully loaded to artifacts\data_ingestion\slop.csv]
[2026-02-11 12:37:23,820: INFO: data_ingestion: 
The shape of the initial dataset is: (10000, 9)]
[2026-02-11 12:37:23,833: INFO: data_ingestion: The head of the dataset is as below:
   Unit Weight (kN/m³)  Cohesion (kPa)  Internal Friction Angle (°)  Slope Angle (°)  Slope Height (m)  Pore Water Pressure Ratio Reinforcement Type  Reinforcement Numeric  Factor of Safety (FS)
0            18.745401       21.813837                    38.249958        41.907228         18.451042                   0.847237           Drainage                      3               2.613692
1            24.507143       19.981044                    24.612800        32.964623          9.266800                   0.494517      Geosynthetics                      2               2.241626
2            22.319939       12.926926                    28.665992        58.224926         10.686165                   0.195466     Retaining Wall                      0               1.568244
3            20.986585       32.327000                    36.582016        20.948923         13.130201                   0.736642           Drainage                      3               3.000000
4            16.560186       26.448087                    32.052234        39.392821         14.164400                   0.418678       Soil Nailing                      1               3.000000
5            16.559945       43.956545                    38.464276        45.010501         15.901781                   0.594627      Geosynthetics                      2               3.000000
6            15.580836        6.444931                    44.030198        51.278224         16.495701                   0.107265      Geosynthetics                      2               1.545751
7            23.661761       33.974057                    22.913667        30.348552         25.507236                   0.631584     Retaining Wall                      0               3.000000
8            21.011150       39.332700                    37.739193        44.346095         27.930794                   0.373550       Soil Nailing                      1               3.000000
9            22.080726       39.176896                    25.758604        25.160074         18.899564                   0.334190       Soil Nailing                      1               3.000000]
[2026-02-11 12:37:23,833: INFO: main: ----->> stage Data Ingestion Stage completed <<----- 

]
[2026-02-11 13:00:03,793: INFO: main: welcome to the custom logging]
[2026-02-11 13:00:03,793: INFO: main: ----->> stage Data Ingestion Stage started <<-----]
[2026-02-11 13:00:03,802: INFO: common: yaml file: config\config.yaml loaded successfully]
[2026-02-11 13:00:03,803: INFO: common: yaml file: params.yaml loaded successfully]
[2026-02-11 13:00:03,813: INFO: common: yaml file: schema.yaml loaded successfully]
[2026-02-11 13:00:03,814: INFO: common: created directory at: artifacts]
[2026-02-11 13:00:03,814: INFO: common: created directory at: artifacts/data_ingestion]
[2026-02-11 13:00:03,814: INFO: data_ingestion: 
The path pf the main source is: C:\Users\Yashar\Slope-Stability-Prediction\data\slope_stability_dataset.csv]
[2026-02-11 13:00:03,889: INFO: data_ingestion: 
Data is successfully loaded to artifacts\data_ingestion\slop.csv]
[2026-02-11 13:00:03,890: INFO: data_ingestion: 
The shape of the initial dataset is: (10000, 9)]
[2026-02-11 13:00:03,899: INFO: data_ingestion: The head of the dataset is as below:
   Unit Weight (kN/m³)  Cohesion (kPa)  Internal Friction Angle (°)  Slope Angle (°)  Slope Height (m)  Pore Water Pressure Ratio Reinforcement Type  Reinforcement Numeric  Factor of Safety (FS)
0            18.745401       21.813837                    38.249958        41.907228         18.451042                   0.847237           Drainage                      3               2.613692
1            24.507143       19.981044                    24.612800        32.964623          9.266800                   0.494517      Geosynthetics                      2               2.241626
2            22.319939       12.926926                    28.665992        58.224926         10.686165                   0.195466     Retaining Wall                      0               1.568244
3            20.986585       32.327000                    36.582016        20.948923         13.130201                   0.736642           Drainage                      3               3.000000
4            16.560186       26.448087                    32.052234        39.392821         14.164400                   0.418678       Soil Nailing                      1               3.000000
5            16.559945       43.956545                    38.464276        45.010501         15.901781                   0.594627      Geosynthetics                      2               3.000000
6            15.580836        6.444931                    44.030198        51.278224         16.495701                   0.107265      Geosynthetics                      2               1.545751
7            23.661761       33.974057                    22.913667        30.348552         25.507236                   0.631584     Retaining Wall                      0               3.000000
8            21.011150       39.332700                    37.739193        44.346095         27.930794                   0.373550       Soil Nailing                      1               3.000000
9            22.080726       39.176896                    25.758604        25.160074         18.899564                   0.334190       Soil Nailing                      1               3.000000]
[2026-02-11 13:00:03,900: INFO: main: ----->> stage Data Ingestion Stage completed <<----- 

]
[2026-02-11 13:00:03,900: INFO: main: -----> stage Data Validation Stage started <<<<<<]
[2026-02-11 13:00:03,901: INFO: common: yaml file: config\config.yaml loaded successfully]
[2026-02-11 13:00:03,902: INFO: common: yaml file: params.yaml loaded successfully]
[2026-02-11 13:00:03,903: INFO: common: yaml file: schema.yaml loaded successfully]
[2026-02-11 13:00:03,903: INFO: common: created directory at: artifacts]
[2026-02-11 13:00:03,904: INFO: common: created directory at: artifacts/data_validation]
[2026-02-11 13:00:03,904: ERROR: main: [Errno 2] No such file or directory: 'artifacts\\data_ingestion\\slope_stability_dataset.csv']
Traceback (most recent call last):
  File "C:\Users\Yashar\Slope-Stability-Prediction\main.py", line 24, in <module>
    obj.main()
    ~~~~~~~~^^
  File "C:\Users\Yashar\Slope-Stability-Prediction\src\mlProject\pipeline\stage_02_data_validation.py", line 15, in main
    data_validation.validate_all_columns()
    ~~~~~~~~~~~~~~~~~~~~~~~~~~~~~~~~~~~~^^
  File "C:\Users\Yashar\Slope-Stability-Prediction\src\mlProject\components\data_validation.py", line 31, in validate_all_columns
    raise e
  File "C:\Users\Yashar\Slope-Stability-Prediction\src\mlProject\components\data_validation.py", line 14, in validate_all_columns
    data = pd.read_csv(self.config.source_data)
  File "C:\Users\Yashar\Slope-Stability-Prediction\project-env\Lib\site-packages\pandas\io\parsers\readers.py", line 873, in read_csv
    return _read(filepath_or_buffer, kwds)
  File "C:\Users\Yashar\Slope-Stability-Prediction\project-env\Lib\site-packages\pandas\io\parsers\readers.py", line 300, in _read
    parser = TextFileReader(filepath_or_buffer, **kwds)
  File "C:\Users\Yashar\Slope-Stability-Prediction\project-env\Lib\site-packages\pandas\io\parsers\readers.py", line 1645, in __init__
    self._engine = self._make_engine(f, self.engine)
                   ~~~~~~~~~~~~~~~~~^^^^^^^^^^^^^^^^
  File "C:\Users\Yashar\Slope-Stability-Prediction\project-env\Lib\site-packages\pandas\io\parsers\readers.py", line 1904, in _make_engine
    self.handles = get_handle(
                   ~~~~~~~~~~^
        f,
        ^^
    ...<6 lines>...
        storage_options=self.options.get("storage_options", None),
        ^^^^^^^^^^^^^^^^^^^^^^^^^^^^^^^^^^^^^^^^^^^^^^^^^^^^^^^^^^
    )
    ^
  File "C:\Users\Yashar\Slope-Stability-Prediction\project-env\Lib\site-packages\pandas\io\common.py", line 926, in get_handle
    handle = open(
        handle,
    ...<3 lines>...
        newline="",
    )
FileNotFoundError: [Errno 2] No such file or directory: 'artifacts\\data_ingestion\\slope_stability_dataset.csv'
[2026-02-11 13:00:28,482: INFO: main: welcome to the custom logging]
[2026-02-11 13:00:28,482: INFO: main: ----->> stage Data Ingestion Stage started <<-----]
[2026-02-11 13:00:28,493: INFO: common: yaml file: config\config.yaml loaded successfully]
[2026-02-11 13:00:28,494: INFO: common: yaml file: params.yaml loaded successfully]
[2026-02-11 13:00:28,495: INFO: common: yaml file: schema.yaml loaded successfully]
[2026-02-11 13:00:28,496: INFO: common: created directory at: artifacts]
[2026-02-11 13:00:28,496: INFO: common: created directory at: artifacts/data_ingestion]
[2026-02-11 13:00:28,497: INFO: data_ingestion: 
The path pf the main source is: C:\Users\Yashar\Slope-Stability-Prediction\data\slope_stability_dataset.csv]
[2026-02-11 13:00:28,573: INFO: data_ingestion: 
Data is successfully loaded to artifacts\data_ingestion\slop.csv]
[2026-02-11 13:00:28,573: INFO: data_ingestion: 
The shape of the initial dataset is: (10000, 9)]
[2026-02-11 13:00:28,582: INFO: data_ingestion: The head of the dataset is as below:
   Unit Weight (kN/m³)  Cohesion (kPa)  Internal Friction Angle (°)  Slope Angle (°)  Slope Height (m)  Pore Water Pressure Ratio Reinforcement Type  Reinforcement Numeric  Factor of Safety (FS)
0            18.745401       21.813837                    38.249958        41.907228         18.451042                   0.847237           Drainage                      3               2.613692
1            24.507143       19.981044                    24.612800        32.964623          9.266800                   0.494517      Geosynthetics                      2               2.241626
2            22.319939       12.926926                    28.665992        58.224926         10.686165                   0.195466     Retaining Wall                      0               1.568244
3            20.986585       32.327000                    36.582016        20.948923         13.130201                   0.736642           Drainage                      3               3.000000
4            16.560186       26.448087                    32.052234        39.392821         14.164400                   0.418678       Soil Nailing                      1               3.000000
5            16.559945       43.956545                    38.464276        45.010501         15.901781                   0.594627      Geosynthetics                      2               3.000000
6            15.580836        6.444931                    44.030198        51.278224         16.495701                   0.107265      Geosynthetics                      2               1.545751
7            23.661761       33.974057                    22.913667        30.348552         25.507236                   0.631584     Retaining Wall                      0               3.000000
8            21.011150       39.332700                    37.739193        44.346095         27.930794                   0.373550       Soil Nailing                      1               3.000000
9            22.080726       39.176896                    25.758604        25.160074         18.899564                   0.334190       Soil Nailing                      1               3.000000]
[2026-02-11 13:00:28,582: INFO: main: ----->> stage Data Ingestion Stage completed <<----- 

]
[2026-02-11 13:00:28,583: INFO: main: -----> stage Data Validation Stage started <<<<<<]
[2026-02-11 13:00:28,584: INFO: common: yaml file: config\config.yaml loaded successfully]
[2026-02-11 13:00:28,585: INFO: common: yaml file: params.yaml loaded successfully]
[2026-02-11 13:00:28,586: INFO: common: yaml file: schema.yaml loaded successfully]
[2026-02-11 13:00:28,586: INFO: common: created directory at: artifacts]
[2026-02-11 13:00:28,587: INFO: common: created directory at: artifacts/data_validation]
[2026-02-11 13:00:28,587: ERROR: main: [Errno 2] No such file or directory: 'artifacts\\data_ingestion\\slope.csv']
Traceback (most recent call last):
  File "C:\Users\Yashar\Slope-Stability-Prediction\main.py", line 24, in <module>
    obj.main()
    ~~~~~~~~^^
  File "C:\Users\Yashar\Slope-Stability-Prediction\src\mlProject\pipeline\stage_02_data_validation.py", line 15, in main
    data_validation.validate_all_columns()
    ~~~~~~~~~~~~~~~~~~~~~~~~~~~~~~~~~~~~^^
  File "C:\Users\Yashar\Slope-Stability-Prediction\src\mlProject\components\data_validation.py", line 31, in validate_all_columns
    raise e
  File "C:\Users\Yashar\Slope-Stability-Prediction\src\mlProject\components\data_validation.py", line 14, in validate_all_columns
    data = pd.read_csv(self.config.source_data)
  File "C:\Users\Yashar\Slope-Stability-Prediction\project-env\Lib\site-packages\pandas\io\parsers\readers.py", line 873, in read_csv
    return _read(filepath_or_buffer, kwds)
  File "C:\Users\Yashar\Slope-Stability-Prediction\project-env\Lib\site-packages\pandas\io\parsers\readers.py", line 300, in _read
    parser = TextFileReader(filepath_or_buffer, **kwds)
  File "C:\Users\Yashar\Slope-Stability-Prediction\project-env\Lib\site-packages\pandas\io\parsers\readers.py", line 1645, in __init__
    self._engine = self._make_engine(f, self.engine)
                   ~~~~~~~~~~~~~~~~~^^^^^^^^^^^^^^^^
  File "C:\Users\Yashar\Slope-Stability-Prediction\project-env\Lib\site-packages\pandas\io\parsers\readers.py", line 1904, in _make_engine
    self.handles = get_handle(
                   ~~~~~~~~~~^
        f,
        ^^
    ...<6 lines>...
        storage_options=self.options.get("storage_options", None),
        ^^^^^^^^^^^^^^^^^^^^^^^^^^^^^^^^^^^^^^^^^^^^^^^^^^^^^^^^^^
    )
    ^
  File "C:\Users\Yashar\Slope-Stability-Prediction\project-env\Lib\site-packages\pandas\io\common.py", line 926, in get_handle
    handle = open(
        handle,
    ...<3 lines>...
        newline="",
    )
FileNotFoundError: [Errno 2] No such file or directory: 'artifacts\\data_ingestion\\slope.csv'
[2026-02-11 13:01:33,470: INFO: main: welcome to the custom logging]
[2026-02-11 13:01:33,470: INFO: main: ----->> stage Data Ingestion Stage started <<-----]
[2026-02-11 13:01:33,480: INFO: common: yaml file: config\config.yaml loaded successfully]
[2026-02-11 13:01:33,480: INFO: common: yaml file: params.yaml loaded successfully]
[2026-02-11 13:01:33,481: INFO: common: yaml file: schema.yaml loaded successfully]
[2026-02-11 13:01:33,482: INFO: common: created directory at: artifacts]
[2026-02-11 13:01:33,483: INFO: common: created directory at: artifacts/data_ingestion]
[2026-02-11 13:01:33,483: INFO: data_ingestion: 
The path pf the main source is: C:\Users\Yashar\Slope-Stability-Prediction\data\slope_stability_dataset.csv]
[2026-02-11 13:01:33,558: INFO: data_ingestion: 
Data is successfully loaded to artifacts\data_ingestion\slop.csv]
[2026-02-11 13:01:33,558: INFO: data_ingestion: 
The shape of the initial dataset is: (10000, 9)]
[2026-02-11 13:01:33,567: INFO: data_ingestion: The head of the dataset is as below:
   Unit Weight (kN/m³)  Cohesion (kPa)  Internal Friction Angle (°)  Slope Angle (°)  Slope Height (m)  Pore Water Pressure Ratio Reinforcement Type  Reinforcement Numeric  Factor of Safety (FS)
0            18.745401       21.813837                    38.249958        41.907228         18.451042                   0.847237           Drainage                      3               2.613692
1            24.507143       19.981044                    24.612800        32.964623          9.266800                   0.494517      Geosynthetics                      2               2.241626
2            22.319939       12.926926                    28.665992        58.224926         10.686165                   0.195466     Retaining Wall                      0               1.568244
3            20.986585       32.327000                    36.582016        20.948923         13.130201                   0.736642           Drainage                      3               3.000000
4            16.560186       26.448087                    32.052234        39.392821         14.164400                   0.418678       Soil Nailing                      1               3.000000
5            16.559945       43.956545                    38.464276        45.010501         15.901781                   0.594627      Geosynthetics                      2               3.000000
6            15.580836        6.444931                    44.030198        51.278224         16.495701                   0.107265      Geosynthetics                      2               1.545751
7            23.661761       33.974057                    22.913667        30.348552         25.507236                   0.631584     Retaining Wall                      0               3.000000
8            21.011150       39.332700                    37.739193        44.346095         27.930794                   0.373550       Soil Nailing                      1               3.000000
9            22.080726       39.176896                    25.758604        25.160074         18.899564                   0.334190       Soil Nailing                      1               3.000000]
[2026-02-11 13:01:33,567: INFO: main: ----->> stage Data Ingestion Stage completed <<----- 

]
[2026-02-11 13:01:33,567: INFO: main: -----> stage Data Validation Stage started <<<<<<]
[2026-02-11 13:01:33,569: INFO: common: yaml file: config\config.yaml loaded successfully]
[2026-02-11 13:01:33,570: INFO: common: yaml file: params.yaml loaded successfully]
[2026-02-11 13:01:33,571: INFO: common: yaml file: schema.yaml loaded successfully]
[2026-02-11 13:01:33,571: INFO: common: created directory at: artifacts]
[2026-02-11 13:01:33,572: INFO: common: created directory at: artifacts/data_validation]
[2026-02-11 13:01:33,572: ERROR: main: [Errno 2] No such file or directory: 'artifacts\\data_ingestion\\slope.csv']
Traceback (most recent call last):
  File "C:\Users\Yashar\Slope-Stability-Prediction\main.py", line 24, in <module>
    obj.main()
    ~~~~~~~~^^
  File "C:\Users\Yashar\Slope-Stability-Prediction\src\mlProject\pipeline\stage_02_data_validation.py", line 15, in main
    data_validation.validate_all_columns()
    ~~~~~~~~~~~~~~~~~~~~~~~~~~~~~~~~~~~~^^
  File "C:\Users\Yashar\Slope-Stability-Prediction\src\mlProject\components\data_validation.py", line 31, in validate_all_columns
    raise e
  File "C:\Users\Yashar\Slope-Stability-Prediction\src\mlProject\components\data_validation.py", line 14, in validate_all_columns
    data = pd.read_csv(self.config.source_data)
  File "C:\Users\Yashar\Slope-Stability-Prediction\project-env\Lib\site-packages\pandas\io\parsers\readers.py", line 873, in read_csv
    return _read(filepath_or_buffer, kwds)
  File "C:\Users\Yashar\Slope-Stability-Prediction\project-env\Lib\site-packages\pandas\io\parsers\readers.py", line 300, in _read
    parser = TextFileReader(filepath_or_buffer, **kwds)
  File "C:\Users\Yashar\Slope-Stability-Prediction\project-env\Lib\site-packages\pandas\io\parsers\readers.py", line 1645, in __init__
    self._engine = self._make_engine(f, self.engine)
                   ~~~~~~~~~~~~~~~~~^^^^^^^^^^^^^^^^
  File "C:\Users\Yashar\Slope-Stability-Prediction\project-env\Lib\site-packages\pandas\io\parsers\readers.py", line 1904, in _make_engine
    self.handles = get_handle(
                   ~~~~~~~~~~^
        f,
        ^^
    ...<6 lines>...
        storage_options=self.options.get("storage_options", None),
        ^^^^^^^^^^^^^^^^^^^^^^^^^^^^^^^^^^^^^^^^^^^^^^^^^^^^^^^^^^
    )
    ^
  File "C:\Users\Yashar\Slope-Stability-Prediction\project-env\Lib\site-packages\pandas\io\common.py", line 926, in get_handle
    handle = open(
        handle,
    ...<3 lines>...
        newline="",
    )
FileNotFoundError: [Errno 2] No such file or directory: 'artifacts\\data_ingestion\\slope.csv'
[2026-02-11 13:05:31,157: INFO: main: welcome to the custom logging]
[2026-02-11 13:05:31,157: INFO: main: ----->> stage Data Ingestion Stage started <<-----]
[2026-02-11 13:05:31,159: INFO: common: yaml file: config\config.yaml loaded successfully]
[2026-02-11 13:05:31,159: INFO: common: yaml file: params.yaml loaded successfully]
[2026-02-11 13:05:31,160: INFO: common: yaml file: schema.yaml loaded successfully]
[2026-02-11 13:05:31,161: INFO: common: created directory at: artifacts]
[2026-02-11 13:05:31,162: INFO: common: created directory at: artifacts/data_ingestion]
[2026-02-11 13:05:31,162: INFO: data_ingestion: 
The path pf the main source is: C:\Users\Yashar\Slope-Stability-Prediction\data\slope_stability_dataset.csv]
[2026-02-11 13:05:31,248: INFO: data_ingestion: 
Data is successfully loaded to artifacts\data_ingestion\slop.csv]
[2026-02-11 13:05:31,249: INFO: data_ingestion: 
The shape of the initial dataset is: (10000, 9)]
[2026-02-11 13:05:31,258: INFO: data_ingestion: The head of the dataset is as below:
   Unit Weight (kN/m³)  Cohesion (kPa)  Internal Friction Angle (°)  Slope Angle (°)  Slope Height (m)  Pore Water Pressure Ratio Reinforcement Type  Reinforcement Numeric  Factor of Safety (FS)
0            18.745401       21.813837                    38.249958        41.907228         18.451042                   0.847237           Drainage                      3               2.613692
1            24.507143       19.981044                    24.612800        32.964623          9.266800                   0.494517      Geosynthetics                      2               2.241626
2            22.319939       12.926926                    28.665992        58.224926         10.686165                   0.195466     Retaining Wall                      0               1.568244
3            20.986585       32.327000                    36.582016        20.948923         13.130201                   0.736642           Drainage                      3               3.000000
4            16.560186       26.448087                    32.052234        39.392821         14.164400                   0.418678       Soil Nailing                      1               3.000000
5            16.559945       43.956545                    38.464276        45.010501         15.901781                   0.594627      Geosynthetics                      2               3.000000
6            15.580836        6.444931                    44.030198        51.278224         16.495701                   0.107265      Geosynthetics                      2               1.545751
7            23.661761       33.974057                    22.913667        30.348552         25.507236                   0.631584     Retaining Wall                      0               3.000000
8            21.011150       39.332700                    37.739193        44.346095         27.930794                   0.373550       Soil Nailing                      1               3.000000
9            22.080726       39.176896                    25.758604        25.160074         18.899564                   0.334190       Soil Nailing                      1               3.000000]
[2026-02-11 13:05:31,259: INFO: main: ----->> stage Data Ingestion Stage completed <<----- 

]
[2026-02-11 13:05:31,259: INFO: main: -----> stage Data Validation Stage started <<<<<<]
[2026-02-11 13:05:31,261: INFO: common: yaml file: config\config.yaml loaded successfully]
[2026-02-11 13:05:31,262: INFO: common: yaml file: params.yaml loaded successfully]
[2026-02-11 13:05:31,264: INFO: common: yaml file: schema.yaml loaded successfully]
[2026-02-11 13:05:31,265: INFO: common: created directory at: artifacts]
[2026-02-11 13:05:31,265: INFO: common: created directory at: artifacts/data_validation]
[2026-02-11 13:05:31,266: ERROR: main: [Errno 2] No such file or directory: 'artifacts\\data_ingestion\\slope.csv']
Traceback (most recent call last):
  File "C:\Users\Yashar\Slope-Stability-Prediction\main.py", line 24, in <module>
    obj.main()
    ~~~~~~~~^^
  File "C:\Users\Yashar\Slope-Stability-Prediction\src\mlProject\pipeline\stage_02_data_validation.py", line 15, in main
    data_validation.validate_all_columns()
    ~~~~~~~~~~~~~~~~~~~~~~~~~~~~~~~~~~~~^^
  File "C:\Users\Yashar\Slope-Stability-Prediction\src\mlProject\components\data_validation.py", line 31, in validate_all_columns
    raise e
  File "C:\Users\Yashar\Slope-Stability-Prediction\src\mlProject\components\data_validation.py", line 14, in validate_all_columns
    data = pd.read_csv(self.config.source_data,sep= ',')
  File "C:\Users\Yashar\Slope-Stability-Prediction\project-env\Lib\site-packages\pandas\io\parsers\readers.py", line 873, in read_csv
    return _read(filepath_or_buffer, kwds)
  File "C:\Users\Yashar\Slope-Stability-Prediction\project-env\Lib\site-packages\pandas\io\parsers\readers.py", line 300, in _read
    parser = TextFileReader(filepath_or_buffer, **kwds)
  File "C:\Users\Yashar\Slope-Stability-Prediction\project-env\Lib\site-packages\pandas\io\parsers\readers.py", line 1645, in __init__
    self._engine = self._make_engine(f, self.engine)
                   ~~~~~~~~~~~~~~~~~^^^^^^^^^^^^^^^^
  File "C:\Users\Yashar\Slope-Stability-Prediction\project-env\Lib\site-packages\pandas\io\parsers\readers.py", line 1904, in _make_engine
    self.handles = get_handle(
                   ~~~~~~~~~~^
        f,
        ^^
    ...<6 lines>...
        storage_options=self.options.get("storage_options", None),
        ^^^^^^^^^^^^^^^^^^^^^^^^^^^^^^^^^^^^^^^^^^^^^^^^^^^^^^^^^^
    )
    ^
  File "C:\Users\Yashar\Slope-Stability-Prediction\project-env\Lib\site-packages\pandas\io\common.py", line 926, in get_handle
    handle = open(
        handle,
    ...<3 lines>...
        newline="",
    )
FileNotFoundError: [Errno 2] No such file or directory: 'artifacts\\data_ingestion\\slope.csv'
[2026-02-11 13:06:00,022: INFO: main: welcome to the custom logging]
[2026-02-11 13:06:00,022: INFO: main: ----->> stage Data Ingestion Stage started <<-----]
[2026-02-11 13:06:00,036: INFO: common: yaml file: config\config.yaml loaded successfully]
[2026-02-11 13:06:00,037: INFO: common: yaml file: params.yaml loaded successfully]
[2026-02-11 13:06:00,038: INFO: common: yaml file: schema.yaml loaded successfully]
[2026-02-11 13:06:00,038: INFO: common: created directory at: artifacts]
[2026-02-11 13:06:00,039: INFO: common: created directory at: artifacts/data_ingestion]
[2026-02-11 13:06:00,039: INFO: data_ingestion: file already exists of size: ~ 1333 KB]
[2026-02-11 13:06:00,039: INFO: main: ----->> stage Data Ingestion Stage completed <<----- 

]
[2026-02-11 13:06:00,039: INFO: main: -----> stage Data Validation Stage started <<<<<<]
[2026-02-11 13:06:00,040: INFO: common: yaml file: config\config.yaml loaded successfully]
[2026-02-11 13:06:00,040: INFO: common: yaml file: params.yaml loaded successfully]
[2026-02-11 13:06:00,041: INFO: common: yaml file: schema.yaml loaded successfully]
[2026-02-11 13:06:00,042: INFO: common: created directory at: artifacts]
[2026-02-11 13:06:00,042: INFO: common: created directory at: artifacts/data_validation]
[2026-02-11 13:06:00,043: ERROR: main: [Errno 2] No such file or directory: 'artifacts\\data_ingestion\\slope.csv']
Traceback (most recent call last):
  File "C:\Users\Yashar\Slope-Stability-Prediction\main.py", line 24, in <module>
    obj.main()
    ~~~~~~~~^^
  File "C:\Users\Yashar\Slope-Stability-Prediction\src\mlProject\pipeline\stage_02_data_validation.py", line 15, in main
    data_validation.validate_all_columns()
    ~~~~~~~~~~~~~~~~~~~~~~~~~~~~~~~~~~~~^^
  File "C:\Users\Yashar\Slope-Stability-Prediction\src\mlProject\components\data_validation.py", line 31, in validate_all_columns
    raise e
  File "C:\Users\Yashar\Slope-Stability-Prediction\src\mlProject\components\data_validation.py", line 14, in validate_all_columns
    data = pd.read_csv(self.config.source_data,sep= ',')
  File "C:\Users\Yashar\Slope-Stability-Prediction\project-env\Lib\site-packages\pandas\io\parsers\readers.py", line 873, in read_csv
    return _read(filepath_or_buffer, kwds)
  File "C:\Users\Yashar\Slope-Stability-Prediction\project-env\Lib\site-packages\pandas\io\parsers\readers.py", line 300, in _read
    parser = TextFileReader(filepath_or_buffer, **kwds)
  File "C:\Users\Yashar\Slope-Stability-Prediction\project-env\Lib\site-packages\pandas\io\parsers\readers.py", line 1645, in __init__
    self._engine = self._make_engine(f, self.engine)
                   ~~~~~~~~~~~~~~~~~^^^^^^^^^^^^^^^^
  File "C:\Users\Yashar\Slope-Stability-Prediction\project-env\Lib\site-packages\pandas\io\parsers\readers.py", line 1904, in _make_engine
    self.handles = get_handle(
                   ~~~~~~~~~~^
        f,
        ^^
    ...<6 lines>...
        storage_options=self.options.get("storage_options", None),
        ^^^^^^^^^^^^^^^^^^^^^^^^^^^^^^^^^^^^^^^^^^^^^^^^^^^^^^^^^^
    )
    ^
  File "C:\Users\Yashar\Slope-Stability-Prediction\project-env\Lib\site-packages\pandas\io\common.py", line 926, in get_handle
    handle = open(
        handle,
    ...<3 lines>...
        newline="",
    )
FileNotFoundError: [Errno 2] No such file or directory: 'artifacts\\data_ingestion\\slope.csv'
[2026-02-11 13:06:12,368: INFO: main: welcome to the custom logging]
[2026-02-11 13:06:12,368: INFO: main: ----->> stage Data Ingestion Stage started <<-----]
[2026-02-11 13:06:12,379: INFO: common: yaml file: config\config.yaml loaded successfully]
[2026-02-11 13:06:12,380: INFO: common: yaml file: params.yaml loaded successfully]
[2026-02-11 13:06:12,381: INFO: common: yaml file: schema.yaml loaded successfully]
[2026-02-11 13:06:12,381: INFO: common: created directory at: artifacts]
[2026-02-11 13:06:12,382: INFO: common: created directory at: artifacts/data_ingestion]
[2026-02-11 13:06:12,382: INFO: data_ingestion: file already exists of size: ~ 1333 KB]
[2026-02-11 13:06:12,382: INFO: main: ----->> stage Data Ingestion Stage completed <<----- 

]
[2026-02-11 13:06:12,382: INFO: main: -----> stage Data Validation Stage started <<<<<<]
[2026-02-11 13:06:12,383: INFO: common: yaml file: config\config.yaml loaded successfully]
[2026-02-11 13:06:12,383: INFO: common: yaml file: params.yaml loaded successfully]
[2026-02-11 13:06:12,384: INFO: common: yaml file: schema.yaml loaded successfully]
[2026-02-11 13:06:12,385: INFO: common: created directory at: artifacts]
[2026-02-11 13:06:12,385: INFO: common: created directory at: artifacts/data_validation]
[2026-02-11 13:06:12,386: ERROR: main: [Errno 2] No such file or directory: 'artifacts\\data_ingestion\\slope.csv']
Traceback (most recent call last):
  File "C:\Users\Yashar\Slope-Stability-Prediction\main.py", line 24, in <module>
    obj.main()
    ~~~~~~~~^^
  File "C:\Users\Yashar\Slope-Stability-Prediction\src\mlProject\pipeline\stage_02_data_validation.py", line 15, in main
    data_validation.validate_all_columns()
    ~~~~~~~~~~~~~~~~~~~~~~~~~~~~~~~~~~~~^^
  File "C:\Users\Yashar\Slope-Stability-Prediction\src\mlProject\components\data_validation.py", line 31, in validate_all_columns
    raise e
  File "C:\Users\Yashar\Slope-Stability-Prediction\src\mlProject\components\data_validation.py", line 14, in validate_all_columns
    data = pd.read_csv(self.config.source_data,sep= ',')
  File "C:\Users\Yashar\Slope-Stability-Prediction\project-env\Lib\site-packages\pandas\io\parsers\readers.py", line 873, in read_csv
    return _read(filepath_or_buffer, kwds)
  File "C:\Users\Yashar\Slope-Stability-Prediction\project-env\Lib\site-packages\pandas\io\parsers\readers.py", line 300, in _read
    parser = TextFileReader(filepath_or_buffer, **kwds)
  File "C:\Users\Yashar\Slope-Stability-Prediction\project-env\Lib\site-packages\pandas\io\parsers\readers.py", line 1645, in __init__
    self._engine = self._make_engine(f, self.engine)
                   ~~~~~~~~~~~~~~~~~^^^^^^^^^^^^^^^^
  File "C:\Users\Yashar\Slope-Stability-Prediction\project-env\Lib\site-packages\pandas\io\parsers\readers.py", line 1904, in _make_engine
    self.handles = get_handle(
                   ~~~~~~~~~~^
        f,
        ^^
    ...<6 lines>...
        storage_options=self.options.get("storage_options", None),
        ^^^^^^^^^^^^^^^^^^^^^^^^^^^^^^^^^^^^^^^^^^^^^^^^^^^^^^^^^^
    )
    ^
  File "C:\Users\Yashar\Slope-Stability-Prediction\project-env\Lib\site-packages\pandas\io\common.py", line 926, in get_handle
    handle = open(
        handle,
    ...<3 lines>...
        newline="",
    )
FileNotFoundError: [Errno 2] No such file or directory: 'artifacts\\data_ingestion\\slope.csv'
[2026-02-11 13:06:25,418: INFO: main: welcome to the custom logging]
[2026-02-11 13:06:25,418: INFO: main: ----->> stage Data Ingestion Stage started <<-----]
[2026-02-11 13:06:25,429: INFO: common: yaml file: config\config.yaml loaded successfully]
[2026-02-11 13:06:25,429: INFO: common: yaml file: params.yaml loaded successfully]
[2026-02-11 13:06:25,431: INFO: common: yaml file: schema.yaml loaded successfully]
[2026-02-11 13:06:25,431: INFO: common: created directory at: artifacts]
[2026-02-11 13:06:25,432: INFO: common: created directory at: artifacts/data_ingestion]
[2026-02-11 13:06:25,432: INFO: data_ingestion: file already exists of size: ~ 1333 KB]
[2026-02-11 13:06:25,432: INFO: main: ----->> stage Data Ingestion Stage completed <<----- 

]
[2026-02-11 13:06:25,432: INFO: main: -----> stage Data Validation Stage started <<<<<<]
[2026-02-11 13:06:25,433: INFO: common: yaml file: config\config.yaml loaded successfully]
[2026-02-11 13:06:25,433: INFO: common: yaml file: params.yaml loaded successfully]
[2026-02-11 13:06:25,434: INFO: common: yaml file: schema.yaml loaded successfully]
[2026-02-11 13:06:25,435: INFO: common: created directory at: artifacts]
[2026-02-11 13:06:25,435: INFO: common: created directory at: artifacts/data_validation]
[2026-02-11 13:06:25,436: ERROR: main: [Errno 2] No such file or directory: 'artifacts\\data_ingestion\\slope.csv']
Traceback (most recent call last):
  File "C:\Users\Yashar\Slope-Stability-Prediction\main.py", line 24, in <module>
    obj.main()
    ~~~~~~~~^^
  File "C:\Users\Yashar\Slope-Stability-Prediction\src\mlProject\pipeline\stage_02_data_validation.py", line 15, in main
    data_validation.validate_all_columns()
    ~~~~~~~~~~~~~~~~~~~~~~~~~~~~~~~~~~~~^^
  File "C:\Users\Yashar\Slope-Stability-Prediction\src\mlProject\components\data_validation.py", line 31, in validate_all_columns
    raise e
  File "C:\Users\Yashar\Slope-Stability-Prediction\src\mlProject\components\data_validation.py", line 14, in validate_all_columns
    data = pd.read_csv(self.config.source_data,sep= ',')
  File "C:\Users\Yashar\Slope-Stability-Prediction\project-env\Lib\site-packages\pandas\io\parsers\readers.py", line 873, in read_csv
    return _read(filepath_or_buffer, kwds)
  File "C:\Users\Yashar\Slope-Stability-Prediction\project-env\Lib\site-packages\pandas\io\parsers\readers.py", line 300, in _read
    parser = TextFileReader(filepath_or_buffer, **kwds)
  File "C:\Users\Yashar\Slope-Stability-Prediction\project-env\Lib\site-packages\pandas\io\parsers\readers.py", line 1645, in __init__
    self._engine = self._make_engine(f, self.engine)
                   ~~~~~~~~~~~~~~~~~^^^^^^^^^^^^^^^^
  File "C:\Users\Yashar\Slope-Stability-Prediction\project-env\Lib\site-packages\pandas\io\parsers\readers.py", line 1904, in _make_engine
    self.handles = get_handle(
                   ~~~~~~~~~~^
        f,
        ^^
    ...<6 lines>...
        storage_options=self.options.get("storage_options", None),
        ^^^^^^^^^^^^^^^^^^^^^^^^^^^^^^^^^^^^^^^^^^^^^^^^^^^^^^^^^^
    )
    ^
  File "C:\Users\Yashar\Slope-Stability-Prediction\project-env\Lib\site-packages\pandas\io\common.py", line 926, in get_handle
    handle = open(
        handle,
    ...<3 lines>...
        newline="",
    )
FileNotFoundError: [Errno 2] No such file or directory: 'artifacts\\data_ingestion\\slope.csv'
[2026-02-11 13:09:22,792: INFO: main: welcome to the custom logging]
[2026-02-11 13:09:22,793: INFO: main: ----->> stage Data Ingestion Stage started <<-----]
[2026-02-11 13:09:22,807: INFO: common: yaml file: config\config.yaml loaded successfully]
[2026-02-11 13:09:22,807: INFO: common: yaml file: params.yaml loaded successfully]
[2026-02-11 13:09:22,808: INFO: common: yaml file: schema.yaml loaded successfully]
[2026-02-11 13:09:22,809: INFO: common: created directory at: artifacts]
[2026-02-11 13:09:22,809: INFO: common: created directory at: artifacts/data_ingestion]
[2026-02-11 13:09:22,810: INFO: data_ingestion: 
The path pf the main source is: C:\Users\Yashar\Slope-Stability-Prediction\data\slope_stability_dataset.csv]
[2026-02-11 13:09:22,893: INFO: data_ingestion: 
Data is successfully loaded to artifacts\data_ingestion\slope.csv]
[2026-02-11 13:09:22,893: INFO: data_ingestion: 
The shape of the initial dataset is: (10000, 9)]
[2026-02-11 13:09:22,902: INFO: data_ingestion: The head of the dataset is as below:
   Unit Weight (kN/m³)  Cohesion (kPa)  Internal Friction Angle (°)  Slope Angle (°)  Slope Height (m)  Pore Water Pressure Ratio Reinforcement Type  Reinforcement Numeric  Factor of Safety (FS)
0            18.745401       21.813837                    38.249958        41.907228         18.451042                   0.847237           Drainage                      3               2.613692
1            24.507143       19.981044                    24.612800        32.964623          9.266800                   0.494517      Geosynthetics                      2               2.241626
2            22.319939       12.926926                    28.665992        58.224926         10.686165                   0.195466     Retaining Wall                      0               1.568244
3            20.986585       32.327000                    36.582016        20.948923         13.130201                   0.736642           Drainage                      3               3.000000
4            16.560186       26.448087                    32.052234        39.392821         14.164400                   0.418678       Soil Nailing                      1               3.000000
5            16.559945       43.956545                    38.464276        45.010501         15.901781                   0.594627      Geosynthetics                      2               3.000000
6            15.580836        6.444931                    44.030198        51.278224         16.495701                   0.107265      Geosynthetics                      2               1.545751
7            23.661761       33.974057                    22.913667        30.348552         25.507236                   0.631584     Retaining Wall                      0               3.000000
8            21.011150       39.332700                    37.739193        44.346095         27.930794                   0.373550       Soil Nailing                      1               3.000000
9            22.080726       39.176896                    25.758604        25.160074         18.899564                   0.334190       Soil Nailing                      1               3.000000]
[2026-02-11 13:09:22,902: INFO: main: ----->> stage Data Ingestion Stage completed <<----- 

]
[2026-02-11 13:09:22,903: INFO: main: -----> stage Data Validation Stage started <<<<<<]
[2026-02-11 13:09:22,904: INFO: common: yaml file: config\config.yaml loaded successfully]
[2026-02-11 13:09:22,904: INFO: common: yaml file: params.yaml loaded successfully]
[2026-02-11 13:09:22,905: INFO: common: yaml file: schema.yaml loaded successfully]
[2026-02-11 13:09:22,906: INFO: common: created directory at: artifacts]
[2026-02-11 13:09:22,906: INFO: common: created directory at: artifacts/data_validation]
[2026-02-11 13:09:22,935: INFO: main: ----->stage Data Validation Stage completed <<<<<< 

x============x]
[2026-02-11 13:12:21,718: INFO: main: welcome to the custom logging]
[2026-02-11 13:12:21,718: INFO: main: ----->> stage Data Ingestion Stage started <<-----]
[2026-02-11 13:12:21,720: INFO: common: yaml file: config\config.yaml loaded successfully]
[2026-02-11 13:12:21,720: INFO: common: yaml file: params.yaml loaded successfully]
[2026-02-11 13:12:21,738: INFO: common: yaml file: schema.yaml loaded successfully]
[2026-02-11 13:12:21,739: INFO: common: created directory at: artifacts]
[2026-02-11 13:12:21,740: INFO: common: created directory at: artifacts/data_ingestion]
[2026-02-11 13:12:21,740: INFO: data_ingestion: file already exists of size: ~ 1333 KB]
[2026-02-11 13:12:21,740: INFO: main: ----->> stage Data Ingestion Stage completed <<----- 

]
[2026-02-11 13:12:21,740: INFO: main: -----> stage Data Validation Stage started <<<<<<]
[2026-02-11 13:12:21,741: INFO: common: yaml file: config\config.yaml loaded successfully]
[2026-02-11 13:12:21,742: INFO: common: yaml file: params.yaml loaded successfully]
[2026-02-11 13:12:21,743: INFO: common: yaml file: schema.yaml loaded successfully]
[2026-02-11 13:12:21,743: INFO: common: created directory at: artifacts]
[2026-02-11 13:12:21,744: INFO: common: created directory at: artifacts/data_validation]
[2026-02-11 13:12:21,764: INFO: main: ----->stage Data Validation Stage completed <<<<<< 

x============x]
[2026-02-11 17:09:52,917: INFO: main: welcome to the custom logging]
[2026-02-11 17:09:52,918: INFO: main: ----->> stage Data Ingestion Stage started <<-----]
[2026-02-11 17:09:52,931: INFO: common: yaml file: config\config.yaml loaded successfully]
[2026-02-11 17:09:52,933: INFO: common: yaml file: params.yaml loaded successfully]
[2026-02-11 17:09:52,935: INFO: common: yaml file: schema.yaml loaded successfully]
[2026-02-11 17:09:52,936: INFO: common: created directory at: artifacts]
[2026-02-11 17:09:52,936: INFO: common: created directory at: artifacts/data_ingestion]
[2026-02-11 17:09:52,937: INFO: data_ingestion: file already exists of size: ~ 1333 KB]
[2026-02-11 17:09:52,937: INFO: main: ----->> stage Data Ingestion Stage completed <<----- 

]
[2026-02-11 17:09:52,937: INFO: main: -----> stage Data Validation Stage started <<<<<<]
[2026-02-11 17:09:52,938: INFO: common: yaml file: config\config.yaml loaded successfully]
[2026-02-11 17:09:52,939: INFO: common: yaml file: params.yaml loaded successfully]
[2026-02-11 17:09:52,939: INFO: common: yaml file: schema.yaml loaded successfully]
[2026-02-11 17:09:52,940: INFO: common: created directory at: artifacts]
[2026-02-11 17:09:52,940: INFO: common: created directory at: artifacts/data_validation]
[2026-02-11 17:09:52,972: INFO: main: ----->stage Data Validation Stage completed <<<<<< 

x============x]
[2026-02-11 17:09:52,973: INFO: main: -----> stage Data Preprocessing Stage started <<<<<<]
[2026-02-11 17:09:52,973: INFO: stage_03_data_preprocessing: --- Starting Stage 03: Data Preprocessing ---]
[2026-02-11 17:09:52,974: INFO: common: yaml file: config\config.yaml loaded successfully]
[2026-02-11 17:09:52,975: INFO: common: yaml file: params.yaml loaded successfully]
[2026-02-11 17:09:52,976: INFO: common: yaml file: schema.yaml loaded successfully]
[2026-02-11 17:09:52,976: INFO: common: created directory at: artifacts]
[2026-02-11 17:09:52,977: INFO: common: created directory at: artifacts/data_preprocessing]
[2026-02-11 17:09:52,977: INFO: stage_03_data_preprocessing: 
Configuration Loaded Successfully]
[2026-02-11 17:09:52,977: INFO: data_preprocessing: 
========== STARTING DATA PREPROCESSING STAGE ==========]
[2026-02-11 17:09:52,977: INFO: data_preprocessing: 
Check the Status File!]
[2026-02-11 17:09:52,993: INFO: data_preprocessing: 
Data is Successfully loaded and the initial shape is (10000, 9)]
[2026-02-11 17:09:53,017: INFO: data_preprocessing: 
EDA:
Unit Weight (kN/m³)            0
Cohesion (kPa)                 0
Internal Friction Angle (°)    0
Slope Angle (°)                0
Slope Height (m)               0
Pore Water Pressure Ratio      0
Reinforcement Type             0
Reinforcement Numeric          0
Factor of Safety (FS)          0
dtype: int64
None
       Unit Weight (kN/m³)  Cohesion (kPa)  Internal Friction Angle (°)  Slope Angle (°)  Slope Height (m)  Pore Water Pressure Ratio  Reinforcement Numeric  Factor of Safety (FS)
count         10000.000000    10000.000000                 10000.000000     10000.000000      10000.000000               10000.000000           10000.000000           10000.000000
mean             19.941596       27.703844                    32.501260        34.935669         27.358871                   0.503145               1.494300               2.545083
std               2.876301       13.018255                     7.169344        14.449730         13.017788                   0.288341               1.120399               0.659996
min              15.000116        5.007099                    20.001203        10.000277          5.000753                   0.000008               0.000000               0.500000
25%              17.463289       16.427561                    26.343698        22.342862         15.992250                   0.256956               0.000000               2.125824
50%              19.925286       27.765355                    32.551702        35.001512         27.217274                   0.506090               1.000000               3.000000
75%              22.400063       39.041565                    38.616846        47.355813         38.771467                   0.753446               3.000000               3.000000
max              24.997177       49.996617                    44.997524        59.989469         49.998747                   0.999940               3.000000               3.000000]
[2026-02-11 17:09:53,017: ERROR: main: 'Logger' object has no attribute 'inf']
Traceback (most recent call last):
  File "C:\Users\Yashar\Slope-Stability-Prediction\main.py", line 40, in <module>
    obj.main()
    ~~~~~~~~^^
  File "C:\Users\Yashar\Slope-Stability-Prediction\src\mlProject\pipeline\stage_03_data_preprocessing.py", line 25, in main
    raise e
  File "C:\Users\Yashar\Slope-Stability-Prediction\src\mlProject\pipeline\stage_03_data_preprocessing.py", line 23, in main
    data_preprocessing.initiate_data_preprocessing()
    ~~~~~~~~~~~~~~~~~~~~~~~~~~~~~~~~~~~~~~~~~~~~~~^^
  File "C:\Users\Yashar\Slope-Stability-Prediction\src\mlProject\components\data_preprocessing.py", line 168, in initiate_data_preprocessing
    df = self._creating_features(df)
  File "C:\Users\Yashar\Slope-Stability-Prediction\src\mlProject\components\data_preprocessing.py", line 41, in _creating_features
    logger.inf(f"\nAdding New Features")
    ^^^^^^^^^^
AttributeError: 'Logger' object has no attribute 'inf'. Did you mean: 'info'?
[2026-02-11 17:10:29,266: INFO: main: welcome to the custom logging]
[2026-02-11 17:10:29,266: INFO: main: ----->> stage Data Ingestion Stage started <<-----]
[2026-02-11 17:10:29,268: INFO: common: yaml file: config\config.yaml loaded successfully]
[2026-02-11 17:10:29,269: INFO: common: yaml file: params.yaml loaded successfully]
[2026-02-11 17:10:29,270: INFO: common: yaml file: schema.yaml loaded successfully]
[2026-02-11 17:10:29,270: INFO: common: created directory at: artifacts]
[2026-02-11 17:10:29,270: INFO: common: created directory at: artifacts/data_ingestion]
[2026-02-11 17:10:29,271: INFO: data_ingestion: file already exists of size: ~ 1333 KB]
[2026-02-11 17:10:29,271: INFO: main: ----->> stage Data Ingestion Stage completed <<----- 

]
[2026-02-11 17:10:29,271: INFO: main: -----> stage Data Validation Stage started <<<<<<]
[2026-02-11 17:10:29,273: INFO: common: yaml file: config\config.yaml loaded successfully]
[2026-02-11 17:10:29,273: INFO: common: yaml file: params.yaml loaded successfully]
[2026-02-11 17:10:29,274: INFO: common: yaml file: schema.yaml loaded successfully]
[2026-02-11 17:10:29,275: INFO: common: created directory at: artifacts]
[2026-02-11 17:10:29,275: INFO: common: created directory at: artifacts/data_validation]
[2026-02-11 17:10:29,293: INFO: main: ----->stage Data Validation Stage completed <<<<<< 

x============x]
[2026-02-11 17:10:29,293: INFO: main: -----> stage Data Preprocessing Stage started <<<<<<]
[2026-02-11 17:10:29,294: INFO: stage_03_data_preprocessing: --- Starting Stage 03: Data Preprocessing ---]
[2026-02-11 17:10:29,295: INFO: common: yaml file: config\config.yaml loaded successfully]
[2026-02-11 17:10:29,296: INFO: common: yaml file: params.yaml loaded successfully]
[2026-02-11 17:10:29,297: INFO: common: yaml file: schema.yaml loaded successfully]
[2026-02-11 17:10:29,297: INFO: common: created directory at: artifacts]
[2026-02-11 17:10:29,297: INFO: common: created directory at: artifacts/data_preprocessing]
[2026-02-11 17:10:29,298: INFO: stage_03_data_preprocessing: 
Configuration Loaded Successfully]
[2026-02-11 17:10:29,298: INFO: data_preprocessing: 
========== STARTING DATA PREPROCESSING STAGE ==========]
[2026-02-11 17:10:29,298: INFO: data_preprocessing: 
Check the Status File!]
[2026-02-11 17:10:29,314: INFO: data_preprocessing: 
Data is Successfully loaded and the initial shape is (10000, 9)]
[2026-02-11 17:10:29,340: INFO: data_preprocessing: 
EDA:
Unit Weight (kN/m³)            0
Cohesion (kPa)                 0
Internal Friction Angle (°)    0
Slope Angle (°)                0
Slope Height (m)               0
Pore Water Pressure Ratio      0
Reinforcement Type             0
Reinforcement Numeric          0
Factor of Safety (FS)          0
dtype: int64
None
       Unit Weight (kN/m³)  Cohesion (kPa)  Internal Friction Angle (°)  Slope Angle (°)  Slope Height (m)  Pore Water Pressure Ratio  Reinforcement Numeric  Factor of Safety (FS)
count         10000.000000    10000.000000                 10000.000000     10000.000000      10000.000000               10000.000000           10000.000000           10000.000000
mean             19.941596       27.703844                    32.501260        34.935669         27.358871                   0.503145               1.494300               2.545083
std               2.876301       13.018255                     7.169344        14.449730         13.017788                   0.288341               1.120399               0.659996
min              15.000116        5.007099                    20.001203        10.000277          5.000753                   0.000008               0.000000               0.500000
25%              17.463289       16.427561                    26.343698        22.342862         15.992250                   0.256956               0.000000               2.125824
50%              19.925286       27.765355                    32.551702        35.001512         27.217274                   0.506090               1.000000               3.000000
75%              22.400063       39.041565                    38.616846        47.355813         38.771467                   0.753446               3.000000               3.000000
max              24.997177       49.996617                    44.997524        59.989469         49.998747                   0.999940               3.000000               3.000000]
[2026-02-11 17:10:29,340: INFO: data_preprocessing: 
Adding New Features]
[2026-02-11 17:10:29,342: INFO: data_preprocessing: 
Adding beta_rad: 0       0.731419
1       0.575341
2       1.016217
3       0.365628
4       0.687534
          ...   
9995    0.832552
9996    0.841709
9997    0.409777
9998    0.553548
9999    0.599890
Name: Slope Angle (°), Length: 10000, dtype: float64
phi_rad: 0       0.667588
1       0.429574
2       0.500316
3       0.638477
4       0.559417
          ...   
9995    0.764574
9996    0.675366
9997    0.357555
9998    0.524037
9999    0.461377
Name: Internal Friction Angle (°), Length: 10000, dtype: float64]
[2026-02-11 17:10:29,346: INFO: data_preprocessing: New features added. Shape after feature engineering: (10000, 15)]
[2026-02-11 17:10:29,346: INFO: data_preprocessing: 
Creating binary target (Safety_Status)]
[2026-02-11 17:10:29,347: INFO: data_preprocessing: Target distribution: Stable (1): 8841, Unstable (0): 1159]
[2026-02-11 17:10:29,347: INFO: data_preprocessing: 
Checking for missing values]
[2026-02-11 17:10:29,348: INFO: data_preprocessing: No missing values found.]
[2026-02-11 17:10:29,348: INFO: data_preprocessing: 
Encoding categorical feature: Reinforcement Numeric]
[2026-02-11 17:10:29,354: INFO: data_preprocessing: One‑hot encoding complete. Added columns: ['Reinforcement Numeric_1', 'Reinforcement Numeric_2', 'Reinforcement Numeric_3']]
[2026-02-11 17:10:29,354: INFO: data_preprocessing: 
Splitting data into train/test sets]
[2026-02-11 17:10:29,493: INFO: data_preprocessing: 
X data is completely saved at artifacts\data_preprocessing\X.csv]
[2026-02-11 17:10:29,496: INFO: data_preprocessing: 
y data is completely saved at artifacts\data_preprocessing\y.csv]
[2026-02-11 17:10:29,496: INFO: data_preprocessing: 
X shape is: (10000, 16)
y shape is: (10000,)]
[2026-02-11 17:10:29,497: ERROR: main: 'DataPreprocessingConfig' object has no attribute 'test_size']
Traceback (most recent call last):
  File "C:\Users\Yashar\Slope-Stability-Prediction\main.py", line 40, in <module>
    obj.main()
    ~~~~~~~~^^
  File "C:\Users\Yashar\Slope-Stability-Prediction\src\mlProject\pipeline\stage_03_data_preprocessing.py", line 25, in main
    raise e
  File "C:\Users\Yashar\Slope-Stability-Prediction\src\mlProject\pipeline\stage_03_data_preprocessing.py", line 23, in main
    data_preprocessing.initiate_data_preprocessing()
    ~~~~~~~~~~~~~~~~~~~~~~~~~~~~~~~~~~~~~~~~~~~~~~^^
  File "C:\Users\Yashar\Slope-Stability-Prediction\src\mlProject\components\data_preprocessing.py", line 181, in initiate_data_preprocessing
    X_train, X_test, y_train, y_test = self._split_data(df)
                                       ~~~~~~~~~~~~~~~~^^^^
  File "C:\Users\Yashar\Slope-Stability-Prediction\src\mlProject\components\data_preprocessing.py", line 127, in _split_data
    X, y, test_size=self.config.test_size, random_state=self.config.random_state, stratify=y
                    ^^^^^^^^^^^^^^^^^^^^^
AttributeError: 'DataPreprocessingConfig' object has no attribute 'test_size'
[2026-02-11 17:11:20,751: INFO: main: welcome to the custom logging]
[2026-02-11 17:11:20,752: INFO: main: ----->> stage Data Ingestion Stage started <<-----]
[2026-02-11 17:11:20,753: INFO: common: yaml file: config\config.yaml loaded successfully]
[2026-02-11 17:11:20,754: INFO: common: yaml file: params.yaml loaded successfully]
[2026-02-11 17:11:20,755: INFO: common: yaml file: schema.yaml loaded successfully]
[2026-02-11 17:11:20,755: INFO: common: created directory at: artifacts]
[2026-02-11 17:11:20,756: INFO: common: created directory at: artifacts/data_ingestion]
[2026-02-11 17:11:20,756: INFO: data_ingestion: file already exists of size: ~ 1333 KB]
[2026-02-11 17:11:20,756: INFO: main: ----->> stage Data Ingestion Stage completed <<----- 

]
[2026-02-11 17:11:20,756: INFO: main: -----> stage Data Validation Stage started <<<<<<]
[2026-02-11 17:11:20,757: INFO: common: yaml file: config\config.yaml loaded successfully]
[2026-02-11 17:11:20,758: INFO: common: yaml file: params.yaml loaded successfully]
[2026-02-11 17:11:20,759: INFO: common: yaml file: schema.yaml loaded successfully]
[2026-02-11 17:11:20,759: INFO: common: created directory at: artifacts]
[2026-02-11 17:11:20,760: INFO: common: created directory at: artifacts/data_validation]
[2026-02-11 17:11:20,777: INFO: main: ----->stage Data Validation Stage completed <<<<<< 

x============x]
[2026-02-11 17:11:20,777: INFO: main: -----> stage Data Preprocessing Stage started <<<<<<]
[2026-02-11 17:11:20,777: INFO: stage_03_data_preprocessing: --- Starting Stage 03: Data Preprocessing ---]
[2026-02-11 17:11:20,779: INFO: common: yaml file: config\config.yaml loaded successfully]
[2026-02-11 17:11:20,779: INFO: common: yaml file: params.yaml loaded successfully]
[2026-02-11 17:11:20,780: INFO: common: yaml file: schema.yaml loaded successfully]
[2026-02-11 17:11:20,780: INFO: common: created directory at: artifacts]
[2026-02-11 17:11:20,781: INFO: common: created directory at: artifacts/data_preprocessing]
[2026-02-11 17:11:20,781: INFO: stage_03_data_preprocessing: 
Configuration Loaded Successfully]
[2026-02-11 17:11:20,781: INFO: data_preprocessing: 
========== STARTING DATA PREPROCESSING STAGE ==========]
[2026-02-11 17:11:20,781: INFO: data_preprocessing: 
Check the Status File!]
[2026-02-11 17:11:20,796: INFO: data_preprocessing: 
Data is Successfully loaded and the initial shape is (10000, 9)]
[2026-02-11 17:11:20,819: INFO: data_preprocessing: 
EDA:
Unit Weight (kN/m³)            0
Cohesion (kPa)                 0
Internal Friction Angle (°)    0
Slope Angle (°)                0
Slope Height (m)               0
Pore Water Pressure Ratio      0
Reinforcement Type             0
Reinforcement Numeric          0
Factor of Safety (FS)          0
dtype: int64
None
       Unit Weight (kN/m³)  Cohesion (kPa)  Internal Friction Angle (°)  Slope Angle (°)  Slope Height (m)  Pore Water Pressure Ratio  Reinforcement Numeric  Factor of Safety (FS)
count         10000.000000    10000.000000                 10000.000000     10000.000000      10000.000000               10000.000000           10000.000000           10000.000000
mean             19.941596       27.703844                    32.501260        34.935669         27.358871                   0.503145               1.494300               2.545083
std               2.876301       13.018255                     7.169344        14.449730         13.017788                   0.288341               1.120399               0.659996
min              15.000116        5.007099                    20.001203        10.000277          5.000753                   0.000008               0.000000               0.500000
25%              17.463289       16.427561                    26.343698        22.342862         15.992250                   0.256956               0.000000               2.125824
50%              19.925286       27.765355                    32.551702        35.001512         27.217274                   0.506090               1.000000               3.000000
75%              22.400063       39.041565                    38.616846        47.355813         38.771467                   0.753446               3.000000               3.000000
max              24.997177       49.996617                    44.997524        59.989469         49.998747                   0.999940               3.000000               3.000000]
[2026-02-11 17:11:20,820: INFO: data_preprocessing: 
Adding New Features]
[2026-02-11 17:11:20,821: INFO: data_preprocessing: 
Adding beta_rad: 0       0.731419
1       0.575341
2       1.016217
3       0.365628
4       0.687534
          ...   
9995    0.832552
9996    0.841709
9997    0.409777
9998    0.553548
9999    0.599890
Name: Slope Angle (°), Length: 10000, dtype: float64
phi_rad: 0       0.667588
1       0.429574
2       0.500316
3       0.638477
4       0.559417
          ...   
9995    0.764574
9996    0.675366
9997    0.357555
9998    0.524037
9999    0.461377
Name: Internal Friction Angle (°), Length: 10000, dtype: float64]
[2026-02-11 17:11:20,824: INFO: data_preprocessing: New features added. Shape after feature engineering: (10000, 15)]
[2026-02-11 17:11:20,824: INFO: data_preprocessing: 
Creating binary target (Safety_Status)]
[2026-02-11 17:11:20,824: INFO: data_preprocessing: Target distribution: Stable (1): 8841, Unstable (0): 1159]
[2026-02-11 17:11:20,824: INFO: data_preprocessing: 
Checking for missing values]
[2026-02-11 17:11:20,826: INFO: data_preprocessing: No missing values found.]
[2026-02-11 17:11:20,826: INFO: data_preprocessing: 
Encoding categorical feature: Reinforcement Numeric]
[2026-02-11 17:11:20,829: INFO: data_preprocessing: One‑hot encoding complete. Added columns: ['Reinforcement Numeric_1', 'Reinforcement Numeric_2', 'Reinforcement Numeric_3']]
[2026-02-11 17:11:20,830: INFO: data_preprocessing: 
Splitting data into train/test sets]
[2026-02-11 17:11:20,940: INFO: data_preprocessing: 
X data is completely saved at artifacts\data_preprocessing\X.csv]
[2026-02-11 17:11:20,943: INFO: data_preprocessing: 
y data is completely saved at artifacts\data_preprocessing\y.csv]
[2026-02-11 17:11:20,943: INFO: data_preprocessing: 
X shape is: (10000, 16)
y shape is: (10000,)]
[2026-02-11 17:11:20,958: INFO: data_preprocessing: Train size: 7500 rows, Test size: 2500 rows]
[2026-02-11 17:11:20,959: INFO: data_preprocessing: Train class distribution:
Safety_Status
1    6631
0     869
Name: count, dtype: int64]
[2026-02-11 17:11:20,959: INFO: data_preprocessing: Test class distribution:
Safety_Status
1    2210
0     290
Name: count, dtype: int64]
[2026-02-11 17:11:20,967: INFO: data_preprocessing: Scaled 15 numerical features on train/test sets.]
[2026-02-11 17:11:20,967: INFO: data_preprocessing: 
Saving preprocessed datasets]
[2026-02-11 17:11:21,098: INFO: data_preprocessing: Saved X_train to artifacts\data_preprocessing]
[2026-02-11 17:11:21,099: INFO: data_preprocessing: Saved X_test to artifacts\data_preprocessing]
[2026-02-11 17:11:21,099: INFO: data_preprocessing: Saved y_train to artifacts\data_preprocessing]
[2026-02-11 17:11:21,099: INFO: data_preprocessing: Saved y_test to artifacts\data_preprocessing]
[2026-02-11 17:11:21,099: INFO: data_preprocessing: 
Saving preprocessor objects]
[2026-02-11 17:11:21,100: ERROR: main: 'DataPreprocessingConfig' object has no attribute 'encoder_path']
Traceback (most recent call last):
  File "C:\Users\Yashar\Slope-Stability-Prediction\main.py", line 40, in <module>
    obj.main()
    ~~~~~~~~^^
  File "C:\Users\Yashar\Slope-Stability-Prediction\src\mlProject\pipeline\stage_03_data_preprocessing.py", line 25, in main
    raise e
  File "C:\Users\Yashar\Slope-Stability-Prediction\src\mlProject\pipeline\stage_03_data_preprocessing.py", line 23, in main
    data_preprocessing.initiate_data_preprocessing()
    ~~~~~~~~~~~~~~~~~~~~~~~~~~~~~~~~~~~~~~~~~~~~~~^^
  File "C:\Users\Yashar\Slope-Stability-Prediction\src\mlProject\components\data_preprocessing.py", line 196, in initiate_data_preprocessing
    self._save_preprocessor(encoder, scaler)
    ~~~~~~~~~~~~~~~~~~~~~~~^^^^^^^^^^^^^^^^^
  File "C:\Users\Yashar\Slope-Stability-Prediction\src\mlProject\components\data_preprocessing.py", line 153, in _save_preprocessor
    joblib.dump(encoder, self.config.encoder_path)
                         ^^^^^^^^^^^^^^^^^^^^^^^^
AttributeError: 'DataPreprocessingConfig' object has no attribute 'encoder_path'
[2026-02-11 17:12:10,248: INFO: main: welcome to the custom logging]
[2026-02-11 17:12:10,248: INFO: main: ----->> stage Data Ingestion Stage started <<-----]
[2026-02-11 17:12:10,250: INFO: common: yaml file: config\config.yaml loaded successfully]
[2026-02-11 17:12:10,251: INFO: common: yaml file: params.yaml loaded successfully]
[2026-02-11 17:12:10,252: INFO: common: yaml file: schema.yaml loaded successfully]
[2026-02-11 17:12:10,252: INFO: common: created directory at: artifacts]
[2026-02-11 17:12:10,252: INFO: common: created directory at: artifacts/data_ingestion]
[2026-02-11 17:12:10,253: INFO: data_ingestion: file already exists of size: ~ 1333 KB]
[2026-02-11 17:12:10,253: INFO: main: ----->> stage Data Ingestion Stage completed <<----- 

]
[2026-02-11 17:12:10,253: INFO: main: -----> stage Data Validation Stage started <<<<<<]
[2026-02-11 17:12:10,255: INFO: common: yaml file: config\config.yaml loaded successfully]
[2026-02-11 17:12:10,255: INFO: common: yaml file: params.yaml loaded successfully]
[2026-02-11 17:12:10,256: INFO: common: yaml file: schema.yaml loaded successfully]
[2026-02-11 17:12:10,256: INFO: common: created directory at: artifacts]
[2026-02-11 17:12:10,257: INFO: common: created directory at: artifacts/data_validation]
[2026-02-11 17:12:10,274: INFO: main: ----->stage Data Validation Stage completed <<<<<< 

x============x]
[2026-02-11 17:12:10,274: INFO: main: -----> stage Data Preprocessing Stage started <<<<<<]
[2026-02-11 17:12:10,274: INFO: stage_03_data_preprocessing: --- Starting Stage 03: Data Preprocessing ---]
[2026-02-11 17:12:10,275: INFO: common: yaml file: config\config.yaml loaded successfully]
[2026-02-11 17:12:10,276: INFO: common: yaml file: params.yaml loaded successfully]
[2026-02-11 17:12:10,277: INFO: common: yaml file: schema.yaml loaded successfully]
[2026-02-11 17:12:10,277: INFO: common: created directory at: artifacts]
[2026-02-11 17:12:10,278: INFO: common: created directory at: artifacts/data_preprocessing]
[2026-02-11 17:12:10,278: INFO: stage_03_data_preprocessing: 
Configuration Loaded Successfully]
[2026-02-11 17:12:10,278: INFO: data_preprocessing: 
========== STARTING DATA PREPROCESSING STAGE ==========]
[2026-02-11 17:12:10,278: INFO: data_preprocessing: 
Check the Status File!]
[2026-02-11 17:12:10,292: INFO: data_preprocessing: 
Data is Successfully loaded and the initial shape is (10000, 9)]
[2026-02-11 17:12:10,317: INFO: data_preprocessing: 
EDA:
Unit Weight (kN/m³)            0
Cohesion (kPa)                 0
Internal Friction Angle (°)    0
Slope Angle (°)                0
Slope Height (m)               0
Pore Water Pressure Ratio      0
Reinforcement Type             0
Reinforcement Numeric          0
Factor of Safety (FS)          0
dtype: int64
None
       Unit Weight (kN/m³)  Cohesion (kPa)  Internal Friction Angle (°)  Slope Angle (°)  Slope Height (m)  Pore Water Pressure Ratio  Reinforcement Numeric  Factor of Safety (FS)
count         10000.000000    10000.000000                 10000.000000     10000.000000      10000.000000               10000.000000           10000.000000           10000.000000
mean             19.941596       27.703844                    32.501260        34.935669         27.358871                   0.503145               1.494300               2.545083
std               2.876301       13.018255                     7.169344        14.449730         13.017788                   0.288341               1.120399               0.659996
min              15.000116        5.007099                    20.001203        10.000277          5.000753                   0.000008               0.000000               0.500000
25%              17.463289       16.427561                    26.343698        22.342862         15.992250                   0.256956               0.000000               2.125824
50%              19.925286       27.765355                    32.551702        35.001512         27.217274                   0.506090               1.000000               3.000000
75%              22.400063       39.041565                    38.616846        47.355813         38.771467                   0.753446               3.000000               3.000000
max              24.997177       49.996617                    44.997524        59.989469         49.998747                   0.999940               3.000000               3.000000]
[2026-02-11 17:12:10,318: INFO: data_preprocessing: 
Adding New Features]
[2026-02-11 17:12:10,319: INFO: data_preprocessing: 
Adding beta_rad: 0       0.731419
1       0.575341
2       1.016217
3       0.365628
4       0.687534
          ...   
9995    0.832552
9996    0.841709
9997    0.409777
9998    0.553548
9999    0.599890
Name: Slope Angle (°), Length: 10000, dtype: float64
phi_rad: 0       0.667588
1       0.429574
2       0.500316
3       0.638477
4       0.559417
          ...   
9995    0.764574
9996    0.675366
9997    0.357555
9998    0.524037
9999    0.461377
Name: Internal Friction Angle (°), Length: 10000, dtype: float64]
[2026-02-11 17:12:10,323: INFO: data_preprocessing: New features added. Shape after feature engineering: (10000, 15)]
[2026-02-11 17:12:10,323: INFO: data_preprocessing: 
Creating binary target (Safety_Status)]
[2026-02-11 17:12:10,324: INFO: data_preprocessing: Target distribution: Stable (1): 8841, Unstable (0): 1159]
[2026-02-11 17:12:10,324: INFO: data_preprocessing: 
Checking for missing values]
[2026-02-11 17:12:10,325: INFO: data_preprocessing: No missing values found.]
[2026-02-11 17:12:10,325: INFO: data_preprocessing: 
Encoding categorical feature: Reinforcement Numeric]
[2026-02-11 17:12:10,329: INFO: data_preprocessing: One‑hot encoding complete. Added columns: ['Reinforcement Numeric_1', 'Reinforcement Numeric_2', 'Reinforcement Numeric_3']]
[2026-02-11 17:12:10,329: INFO: data_preprocessing: 
Splitting data into train/test sets]
[2026-02-11 17:12:10,439: INFO: data_preprocessing: 
X data is completely saved at artifacts\data_preprocessing\X.csv]
[2026-02-11 17:12:10,443: INFO: data_preprocessing: 
y data is completely saved at artifacts\data_preprocessing\y.csv]
[2026-02-11 17:12:10,443: INFO: data_preprocessing: 
X shape is: (10000, 16)
y shape is: (10000,)]
[2026-02-11 17:12:10,448: INFO: data_preprocessing: Train size: 7500 rows, Test size: 2500 rows]
[2026-02-11 17:12:10,448: INFO: data_preprocessing: Train class distribution:
Safety_Status
1    6631
0     869
Name: count, dtype: int64]
[2026-02-11 17:12:10,449: INFO: data_preprocessing: Test class distribution:
Safety_Status
1    2210
0     290
Name: count, dtype: int64]
[2026-02-11 17:12:10,457: INFO: data_preprocessing: Scaled 15 numerical features on train/test sets.]
[2026-02-11 17:12:10,458: INFO: data_preprocessing: 
Saving preprocessed datasets]
[2026-02-11 17:12:10,586: INFO: data_preprocessing: Saved X_train to artifacts\data_preprocessing]
[2026-02-11 17:12:10,586: INFO: data_preprocessing: Saved X_test to artifacts\data_preprocessing]
[2026-02-11 17:12:10,586: INFO: data_preprocessing: Saved y_train to artifacts\data_preprocessing]
[2026-02-11 17:12:10,586: INFO: data_preprocessing: Saved y_test to artifacts\data_preprocessing]
[2026-02-11 17:12:10,586: INFO: data_preprocessing: 
Saving preprocessor objects]
[2026-02-11 17:12:10,594: INFO: data_preprocessing: Encoder saved to artifacts\data_preprocessing\encoder.joblib]
[2026-02-11 17:12:10,594: INFO: data_preprocessing: Scaler saved to artifacts\data_preprocessing\scaler.joblib]
[2026-02-11 17:12:10,594: INFO: data_preprocessing: 
========== DATA PREPROCESSING STAGE COMPLETED ==========]
[2026-02-11 17:12:10,595: INFO: main: ----->stage Data Preprocessing Stage completed <<<<<< 

x============x]
[2026-02-11 17:12:48,380: INFO: main: welcome to the custom logging]
[2026-02-11 17:12:48,380: INFO: main: ----->> stage Data Ingestion Stage started <<-----]
[2026-02-11 17:12:48,381: INFO: common: yaml file: config\config.yaml loaded successfully]
[2026-02-11 17:12:48,382: INFO: common: yaml file: params.yaml loaded successfully]
[2026-02-11 17:12:48,383: INFO: common: yaml file: schema.yaml loaded successfully]
[2026-02-11 17:12:48,383: INFO: common: created directory at: artifacts]
[2026-02-11 17:12:48,384: INFO: common: created directory at: artifacts/data_ingestion]
[2026-02-11 17:12:48,384: INFO: data_ingestion: 
The path pf the main source is: C:\Users\Yashar\Slope-Stability-Prediction\data\slope_stability_dataset.csv]
[2026-02-11 17:12:48,470: INFO: data_ingestion: 
Data is successfully loaded to artifacts\data_ingestion\slope.csv]
[2026-02-11 17:12:48,470: INFO: data_ingestion: 
The shape of the initial dataset is: (10000, 9)]
[2026-02-11 17:12:48,479: INFO: data_ingestion: The head of the dataset is as below:
   Unit Weight (kN/m³)  Cohesion (kPa)  Internal Friction Angle (°)  Slope Angle (°)  Slope Height (m)  Pore Water Pressure Ratio Reinforcement Type  Reinforcement Numeric  Factor of Safety (FS)
0            18.745401       21.813837                    38.249958        41.907228         18.451042                   0.847237           Drainage                      3               2.613692
1            24.507143       19.981044                    24.612800        32.964623          9.266800                   0.494517      Geosynthetics                      2               2.241626
2            22.319939       12.926926                    28.665992        58.224926         10.686165                   0.195466     Retaining Wall                      0               1.568244
3            20.986585       32.327000                    36.582016        20.948923         13.130201                   0.736642           Drainage                      3               3.000000
4            16.560186       26.448087                    32.052234        39.392821         14.164400                   0.418678       Soil Nailing                      1               3.000000
5            16.559945       43.956545                    38.464276        45.010501         15.901781                   0.594627      Geosynthetics                      2               3.000000
6            15.580836        6.444931                    44.030198        51.278224         16.495701                   0.107265      Geosynthetics                      2               1.545751
7            23.661761       33.974057                    22.913667        30.348552         25.507236                   0.631584     Retaining Wall                      0               3.000000
8            21.011150       39.332700                    37.739193        44.346095         27.930794                   0.373550       Soil Nailing                      1               3.000000
9            22.080726       39.176896                    25.758604        25.160074         18.899564                   0.334190       Soil Nailing                      1               3.000000]
[2026-02-11 17:12:48,480: INFO: main: ----->> stage Data Ingestion Stage completed <<----- 

]
[2026-02-11 17:12:48,480: INFO: main: -----> stage Data Validation Stage started <<<<<<]
[2026-02-11 17:12:48,481: INFO: common: yaml file: config\config.yaml loaded successfully]
[2026-02-11 17:12:48,482: INFO: common: yaml file: params.yaml loaded successfully]
[2026-02-11 17:12:48,483: INFO: common: yaml file: schema.yaml loaded successfully]
[2026-02-11 17:12:48,483: INFO: common: created directory at: artifacts]
[2026-02-11 17:12:48,484: INFO: common: created directory at: artifacts/data_validation]
[2026-02-11 17:12:48,511: INFO: main: ----->stage Data Validation Stage completed <<<<<< 

x============x]
[2026-02-11 17:12:48,511: INFO: main: -----> stage Data Preprocessing Stage started <<<<<<]
[2026-02-11 17:12:48,511: INFO: stage_03_data_preprocessing: --- Starting Stage 03: Data Preprocessing ---]
[2026-02-11 17:12:48,512: INFO: common: yaml file: config\config.yaml loaded successfully]
[2026-02-11 17:12:48,513: INFO: common: yaml file: params.yaml loaded successfully]
[2026-02-11 17:12:48,514: INFO: common: yaml file: schema.yaml loaded successfully]
[2026-02-11 17:12:48,514: INFO: common: created directory at: artifacts]
[2026-02-11 17:12:48,515: INFO: common: created directory at: artifacts/data_preprocessing]
[2026-02-11 17:12:48,515: INFO: stage_03_data_preprocessing: 
Configuration Loaded Successfully]
[2026-02-11 17:12:48,515: INFO: data_preprocessing: 
========== STARTING DATA PREPROCESSING STAGE ==========]
[2026-02-11 17:12:48,515: INFO: data_preprocessing: 
Check the Status File!]
[2026-02-11 17:12:48,529: INFO: data_preprocessing: 
Data is Successfully loaded and the initial shape is (10000, 9)]
[2026-02-11 17:12:48,551: INFO: data_preprocessing: 
EDA:
Unit Weight (kN/m³)            0
Cohesion (kPa)                 0
Internal Friction Angle (°)    0
Slope Angle (°)                0
Slope Height (m)               0
Pore Water Pressure Ratio      0
Reinforcement Type             0
Reinforcement Numeric          0
Factor of Safety (FS)          0
dtype: int64
None
       Unit Weight (kN/m³)  Cohesion (kPa)  Internal Friction Angle (°)  Slope Angle (°)  Slope Height (m)  Pore Water Pressure Ratio  Reinforcement Numeric  Factor of Safety (FS)
count         10000.000000    10000.000000                 10000.000000     10000.000000      10000.000000               10000.000000           10000.000000           10000.000000
mean             19.941596       27.703844                    32.501260        34.935669         27.358871                   0.503145               1.494300               2.545083
std               2.876301       13.018255                     7.169344        14.449730         13.017788                   0.288341               1.120399               0.659996
min              15.000116        5.007099                    20.001203        10.000277          5.000753                   0.000008               0.000000               0.500000
25%              17.463289       16.427561                    26.343698        22.342862         15.992250                   0.256956               0.000000               2.125824
50%              19.925286       27.765355                    32.551702        35.001512         27.217274                   0.506090               1.000000               3.000000
75%              22.400063       39.041565                    38.616846        47.355813         38.771467                   0.753446               3.000000               3.000000
max              24.997177       49.996617                    44.997524        59.989469         49.998747                   0.999940               3.000000               3.000000]
[2026-02-11 17:12:48,552: INFO: data_preprocessing: 
Adding New Features]
[2026-02-11 17:12:48,553: INFO: data_preprocessing: 
Adding beta_rad: 0       0.731419
1       0.575341
2       1.016217
3       0.365628
4       0.687534
          ...   
9995    0.832552
9996    0.841709
9997    0.409777
9998    0.553548
9999    0.599890
Name: Slope Angle (°), Length: 10000, dtype: float64
phi_rad: 0       0.667588
1       0.429574
2       0.500316
3       0.638477
4       0.559417
          ...   
9995    0.764574
9996    0.675366
9997    0.357555
9998    0.524037
9999    0.461377
Name: Internal Friction Angle (°), Length: 10000, dtype: float64]
[2026-02-11 17:12:48,556: INFO: data_preprocessing: New features added. Shape after feature engineering: (10000, 15)]
[2026-02-11 17:12:48,556: INFO: data_preprocessing: 
Creating binary target (Safety_Status)]
[2026-02-11 17:12:48,557: INFO: data_preprocessing: Target distribution: Stable (1): 8841, Unstable (0): 1159]
[2026-02-11 17:12:48,557: INFO: data_preprocessing: 
Checking for missing values]
[2026-02-11 17:12:48,559: INFO: data_preprocessing: No missing values found.]
[2026-02-11 17:12:48,559: INFO: data_preprocessing: 
Encoding categorical feature: Reinforcement Numeric]
[2026-02-11 17:12:48,562: INFO: data_preprocessing: One‑hot encoding complete. Added columns: ['Reinforcement Numeric_1', 'Reinforcement Numeric_2', 'Reinforcement Numeric_3']]
[2026-02-11 17:12:48,562: INFO: data_preprocessing: 
Splitting data into train/test sets]
[2026-02-11 17:12:48,673: INFO: data_preprocessing: 
X data is completely saved at artifacts\data_preprocessing\X.csv]
[2026-02-11 17:12:48,677: INFO: data_preprocessing: 
y data is completely saved at artifacts\data_preprocessing\y.csv]
[2026-02-11 17:12:48,677: INFO: data_preprocessing: 
X shape is: (10000, 16)
y shape is: (10000,)]
[2026-02-11 17:12:48,684: INFO: data_preprocessing: Train size: 7500 rows, Test size: 2500 rows]
[2026-02-11 17:12:48,684: INFO: data_preprocessing: Train class distribution:
Safety_Status
1    6631
0     869
Name: count, dtype: int64]
[2026-02-11 17:12:48,685: INFO: data_preprocessing: Test class distribution:
Safety_Status
1    2210
0     290
Name: count, dtype: int64]
[2026-02-11 17:12:48,693: INFO: data_preprocessing: Scaled 15 numerical features on train/test sets.]
[2026-02-11 17:12:48,693: INFO: data_preprocessing: 
Saving preprocessed datasets]
[2026-02-11 17:12:48,827: INFO: data_preprocessing: Saved X_train to artifacts\data_preprocessing]
[2026-02-11 17:12:48,827: INFO: data_preprocessing: Saved X_test to artifacts\data_preprocessing]
[2026-02-11 17:12:48,827: INFO: data_preprocessing: Saved y_train to artifacts\data_preprocessing]
[2026-02-11 17:12:48,828: INFO: data_preprocessing: Saved y_test to artifacts\data_preprocessing]
[2026-02-11 17:12:48,828: INFO: data_preprocessing: 
Saving preprocessor objects]
[2026-02-11 17:12:48,830: INFO: data_preprocessing: Encoder saved to artifacts\data_preprocessing\encoder.joblib]
[2026-02-11 17:12:48,830: INFO: data_preprocessing: Scaler saved to artifacts\data_preprocessing\scaler.joblib]
[2026-02-11 17:12:48,830: INFO: data_preprocessing: 
========== DATA PREPROCESSING STAGE COMPLETED ==========]
[2026-02-11 17:12:48,831: INFO: main: ----->stage Data Preprocessing Stage completed <<<<<< 

x============x]
[2026-02-11 17:19:43,770: INFO: main: welcome to the custom logging]
[2026-02-11 17:19:43,770: INFO: main: ----->> stage Data Ingestion Stage started <<-----]
[2026-02-11 17:19:43,772: INFO: common: yaml file: config\config.yaml loaded successfully]
[2026-02-11 17:19:43,772: INFO: common: yaml file: params.yaml loaded successfully]
[2026-02-11 17:19:43,773: INFO: common: yaml file: schema.yaml loaded successfully]
[2026-02-11 17:19:43,774: INFO: common: created directory at: artifacts]
[2026-02-11 17:19:43,774: INFO: common: created directory at: artifacts/data_ingestion]
[2026-02-11 17:19:43,774: INFO: data_ingestion: 
The path pf the main source is: C:\Users\Yashar\Slope-Stability-Prediction\data\slope_stability_dataset.csv]
[2026-02-11 17:19:43,865: INFO: data_ingestion: 
Data is successfully loaded to artifacts\data_ingestion\slope.csv]
[2026-02-11 17:19:43,866: INFO: data_ingestion: 
The shape of the initial dataset is: (10000, 9)]
[2026-02-11 17:19:43,874: INFO: data_ingestion: The head of the dataset is as below:
   Unit Weight (kN/m³)  Cohesion (kPa)  Internal Friction Angle (°)  Slope Angle (°)  Slope Height (m)  Pore Water Pressure Ratio Reinforcement Type  Reinforcement Numeric  Factor of Safety (FS)
0            18.745401       21.813837                    38.249958        41.907228         18.451042                   0.847237           Drainage                      3               2.613692
1            24.507143       19.981044                    24.612800        32.964623          9.266800                   0.494517      Geosynthetics                      2               2.241626
2            22.319939       12.926926                    28.665992        58.224926         10.686165                   0.195466     Retaining Wall                      0               1.568244
3            20.986585       32.327000                    36.582016        20.948923         13.130201                   0.736642           Drainage                      3               3.000000
4            16.560186       26.448087                    32.052234        39.392821         14.164400                   0.418678       Soil Nailing                      1               3.000000
5            16.559945       43.956545                    38.464276        45.010501         15.901781                   0.594627      Geosynthetics                      2               3.000000
6            15.580836        6.444931                    44.030198        51.278224         16.495701                   0.107265      Geosynthetics                      2               1.545751
7            23.661761       33.974057                    22.913667        30.348552         25.507236                   0.631584     Retaining Wall                      0               3.000000
8            21.011150       39.332700                    37.739193        44.346095         27.930794                   0.373550       Soil Nailing                      1               3.000000
9            22.080726       39.176896                    25.758604        25.160074         18.899564                   0.334190       Soil Nailing                      1               3.000000]
[2026-02-11 17:19:43,875: INFO: main: ----->> stage Data Ingestion Stage completed <<----- 

]
[2026-02-11 17:19:43,875: INFO: main: -----> stage Data Validation Stage started <<<<<<]
[2026-02-11 17:19:43,876: INFO: common: yaml file: config\config.yaml loaded successfully]
[2026-02-11 17:19:43,877: INFO: common: yaml file: params.yaml loaded successfully]
[2026-02-11 17:19:43,878: INFO: common: yaml file: schema.yaml loaded successfully]
[2026-02-11 17:19:43,882: INFO: common: created directory at: artifacts]
[2026-02-11 17:19:43,883: INFO: common: created directory at: artifacts/data_validation]
[2026-02-11 17:19:43,911: INFO: main: ----->stage Data Validation Stage completed <<<<<< 

x============x]
[2026-02-11 17:19:43,911: INFO: main: -----> stage Data Preprocessing Stage started <<<<<<]
[2026-02-11 17:19:43,911: INFO: stage_03_data_preprocessing: --- Starting Stage 03: Data Preprocessing ---]
[2026-02-11 17:19:43,913: INFO: common: yaml file: config\config.yaml loaded successfully]
[2026-02-11 17:19:43,913: INFO: common: yaml file: params.yaml loaded successfully]
[2026-02-11 17:19:43,914: INFO: common: yaml file: schema.yaml loaded successfully]
[2026-02-11 17:19:43,915: INFO: common: created directory at: artifacts]
[2026-02-11 17:19:43,915: INFO: common: created directory at: artifacts/data_preprocessing]
[2026-02-11 17:19:43,916: INFO: stage_03_data_preprocessing: 
Configuration Loaded Successfully]
[2026-02-11 17:19:43,916: INFO: data_preprocessing: 
========== STARTING DATA PREPROCESSING STAGE ==========]
[2026-02-11 17:19:43,916: INFO: data_preprocessing: 
Check the Status File!]
[2026-02-11 17:19:43,931: INFO: data_preprocessing: 
Data is Successfully loaded and the initial shape is (10000, 9)]
[2026-02-11 17:19:43,952: INFO: data_preprocessing: 
EDA:
Unit Weight (kN/m³)            0
Cohesion (kPa)                 0
Internal Friction Angle (°)    0
Slope Angle (°)                0
Slope Height (m)               0
Pore Water Pressure Ratio      0
Reinforcement Type             0
Reinforcement Numeric          0
Factor of Safety (FS)          0
dtype: int64
None
       Unit Weight (kN/m³)  Cohesion (kPa)  Internal Friction Angle (°)  Slope Angle (°)  Slope Height (m)  Pore Water Pressure Ratio  Reinforcement Numeric  Factor of Safety (FS)
count         10000.000000    10000.000000                 10000.000000     10000.000000      10000.000000               10000.000000           10000.000000           10000.000000
mean             19.941596       27.703844                    32.501260        34.935669         27.358871                   0.503145               1.494300               2.545083
std               2.876301       13.018255                     7.169344        14.449730         13.017788                   0.288341               1.120399               0.659996
min              15.000116        5.007099                    20.001203        10.000277          5.000753                   0.000008               0.000000               0.500000
25%              17.463289       16.427561                    26.343698        22.342862         15.992250                   0.256956               0.000000               2.125824
50%              19.925286       27.765355                    32.551702        35.001512         27.217274                   0.506090               1.000000               3.000000
75%              22.400063       39.041565                    38.616846        47.355813         38.771467                   0.753446               3.000000               3.000000
max              24.997177       49.996617                    44.997524        59.989469         49.998747                   0.999940               3.000000               3.000000]
[2026-02-11 17:19:43,953: INFO: data_preprocessing: 
Adding New Features]
[2026-02-11 17:19:43,955: INFO: data_preprocessing: 
Adding beta_rad: 0       0.731419
1       0.575341
2       1.016217
3       0.365628
4       0.687534
          ...   
9995    0.832552
9996    0.841709
9997    0.409777
9998    0.553548
9999    0.599890
Name: Slope Angle (°), Length: 10000, dtype: float64
phi_rad: 0       0.667588
1       0.429574
2       0.500316
3       0.638477
4       0.559417
          ...   
9995    0.764574
9996    0.675366
9997    0.357555
9998    0.524037
9999    0.461377
Name: Internal Friction Angle (°), Length: 10000, dtype: float64]
[2026-02-11 17:19:43,958: INFO: data_preprocessing: New features added. Shape after feature engineering: (10000, 15)]
[2026-02-11 17:19:43,958: INFO: data_preprocessing: 
Creating binary target (Safety_Status)]
[2026-02-11 17:19:43,959: INFO: data_preprocessing: Target distribution: Stable (1): 8841, Unstable (0): 1159]
[2026-02-11 17:19:43,959: INFO: data_preprocessing: 
Checking for missing values]
[2026-02-11 17:19:43,960: INFO: data_preprocessing: No missing values found.]
[2026-02-11 17:19:43,960: INFO: data_preprocessing: 
Encoding categorical feature: Reinforcement Numeric]
[2026-02-11 17:19:43,964: INFO: data_preprocessing: One‑hot encoding complete. Added columns: ['Reinforcement Numeric_1', 'Reinforcement Numeric_2', 'Reinforcement Numeric_3']]
[2026-02-11 17:19:43,964: INFO: data_preprocessing: 
Splitting data into train/test sets]
[2026-02-11 17:19:44,073: INFO: data_preprocessing: 
X data is completely saved at artifacts\data_preprocessing\X.csv]
[2026-02-11 17:19:44,077: INFO: data_preprocessing: 
y data is completely saved at artifacts\data_preprocessing\y.csv]
[2026-02-11 17:19:44,077: INFO: data_preprocessing: 
X shape is: (10000, 16)
y shape is: (10000,)]
[2026-02-11 17:19:44,083: INFO: data_preprocessing: Train size: 8000 rows, Test size: 2000 rows]
[2026-02-11 17:19:44,084: INFO: data_preprocessing: Train class distribution:
Safety_Status
1    7073
0     927
Name: count, dtype: int64]
[2026-02-11 17:19:44,085: INFO: data_preprocessing: Test class distribution:
Safety_Status
1    1768
0     232
Name: count, dtype: int64]
[2026-02-11 17:19:44,095: INFO: data_preprocessing: Scaled 15 numerical features on train/test sets.]
[2026-02-11 17:19:44,096: INFO: data_preprocessing: 
Saving preprocessed datasets]
[2026-02-11 17:19:44,227: INFO: data_preprocessing: Saved X_train to artifacts\data_preprocessing]
[2026-02-11 17:19:44,227: INFO: data_preprocessing: Saved X_test to artifacts\data_preprocessing]
[2026-02-11 17:19:44,228: INFO: data_preprocessing: Saved y_train to artifacts\data_preprocessing]
[2026-02-11 17:19:44,228: INFO: data_preprocessing: Saved y_test to artifacts\data_preprocessing]
[2026-02-11 17:19:44,228: INFO: data_preprocessing: 
Saving preprocessor objects]
[2026-02-11 17:19:44,230: INFO: data_preprocessing: Encoder saved to artifacts\data_preprocessing\encoder.joblib]
[2026-02-11 17:19:44,230: INFO: data_preprocessing: Scaler saved to artifacts\data_preprocessing\scaler.joblib]
[2026-02-11 17:19:44,230: INFO: data_preprocessing: 
========== DATA PREPROCESSING STAGE COMPLETED ==========]
[2026-02-11 17:19:44,231: INFO: main: ----->stage Data Preprocessing Stage completed <<<<<< 

x============x]
